Component: ARM Compiler 5.05 update 1 (build 106) Tool: armlink [4d0efa]

==============================================================================

Section Cross References

    main.o(i.main) refers to misc.o(i.NVIC_PriorityGroupConfig) for NVIC_PriorityGroupConfig
    main.o(i.main) refers to beep.o(i.BEEP_Init) for BEEP_Init
    main.o(i.main) refers to delay.o(i.delay_init) for delay_init
    main.o(i.main) refers to usart.o(i.uart_init) for uart_init
    main.o(i.main) refers to key.o(i.KEY_Init) for KEY_Init
    main.o(i.main) refers to motor.o(i.Motor_Init) for Motor_Init
    main.o(i.main) refers to timer.o(i.TIM3_PWM_Init) for TIM3_PWM_Init
    main.o(i.main) refers to timer.o(i.TIM4_PID_Init) for TIM4_PID_Init
    main.o(i.main) refers to timer.o(i.TIM5_Cap_Init) for TIM5_Cap_Init
    main.o(i.main) refers to motor.o(i.Motor_dir) for Motor_dir
    main.o(i.main) refers to lcd.o(i.LCD_Init) for LCD_Init
    main.o(i.main) refers to lcd.o(i.LCD_Clear) for LCD_Clear
    main.o(i.main) refers to eeprom.o(i.EEPROM_Init) for EEPROM_Init
    main.o(i.main) refers to function.o(i.InitializeByEEPROM_function) for InitializeByEEPROM_function
    main.o(i.main) refers to pid.o(i.PID_init) for PID_init
    main.o(i.main) refers to delay.o(i.delay_ms) for delay_ms
    main.o(i.main) refers to key.o(i.GetKey) for GetKey
    main.o(i.main) refers to function.o(i.Key_function) for Key_function
    main.o(i.main) refers to function.o(i.SkipLimit_function) for SkipLimit_function
    main.o(i.main) refers to function.o(i.SpeedLimi_function) for SpeedLimi_function
    main.o(i.main) refers to function.o(i.SpeedWarning_function) for SpeedWarning_function
    main.o(i.main) refers to fflt_clz.o(x$fpl$fflt) for __aeabi_i2f
    main.o(i.main) refers to motor.o(i.Motor_Set_Speed) for Motor_Set_Speed
    main.o(i.main) refers to stm32f10x_tim.o(i.TIM_SetCompare1) for TIM_SetCompare1
    main.o(i.main) refers to menu.o(i.Select_order) for Select_order
    main.o(i.main) refers to ui.o(i.UI_Working) for UI_Working
    main.o(i.main) refers to motor.o(i.Motor_Set_Angle) for Motor_Set_Angle
    main.o(i.main) refers to main.o(.data) for Dir_rand
    system_stm32f10x.o(i.SetSysClock) refers to system_stm32f10x.o(i.SetSysClockTo72) for SetSysClockTo72
    system_stm32f10x.o(i.SystemCoreClockUpdate) refers to system_stm32f10x.o(.data) for SystemCoreClock
    system_stm32f10x.o(i.SystemInit) refers to system_stm32f10x.o(i.SetSysClock) for SetSysClock
    key.o(i.GetKey) refers to delay.o(i.delay_ms) for delay_ms
    key.o(i.KEY_Init) refers to stm32f10x_rcc.o(i.RCC_APB2PeriphClockCmd) for RCC_APB2PeriphClockCmd
    key.o(i.KEY_Init) refers to stm32f10x_gpio.o(i.GPIO_Init) for GPIO_Init
    timer.o(i.TIM3_PWM_Init) refers to stm32f10x_rcc.o(i.RCC_APB1PeriphClockCmd) for RCC_APB1PeriphClockCmd
    timer.o(i.TIM3_PWM_Init) refers to stm32f10x_rcc.o(i.RCC_APB2PeriphClockCmd) for RCC_APB2PeriphClockCmd
    timer.o(i.TIM3_PWM_Init) refers to stm32f10x_gpio.o(i.GPIO_Init) for GPIO_Init
    timer.o(i.TIM3_PWM_Init) refers to stm32f10x_tim.o(i.TIM_TimeBaseInit) for TIM_TimeBaseInit
    timer.o(i.TIM3_PWM_Init) refers to stm32f10x_tim.o(i.TIM_OC1Init) for TIM_OC1Init
    timer.o(i.TIM3_PWM_Init) refers to stm32f10x_tim.o(i.TIM_Cmd) for TIM_Cmd
    timer.o(i.TIM4_IRQHandler) refers to motor.o(i.Motor_Read_Angle) for Motor_Read_Angle
    timer.o(i.TIM4_IRQHandler) refers to fflt_clz.o(x$fpl$fflt) for __aeabi_i2f
    timer.o(i.TIM4_IRQHandler) refers to pid.o(i.PID_Angle) for PID_Angle
    timer.o(i.TIM4_IRQHandler) refers to motor.o(i.Motor_Read_Speed) for Motor_Read_Speed
    timer.o(i.TIM4_IRQHandler) refers to pid.o(i.PID_realize) for PID_realize
    timer.o(i.TIM4_IRQHandler) refers to stm32f10x_tim.o(i.TIM_ClearITPendingBit) for TIM_ClearITPendingBit
    timer.o(i.TIM4_IRQHandler) refers to main.o(.data) for Mode
    timer.o(i.TIM4_PID_Init) refers to stm32f10x_rcc.o(i.RCC_APB1PeriphClockCmd) for RCC_APB1PeriphClockCmd
    timer.o(i.TIM4_PID_Init) refers to stm32f10x_tim.o(i.TIM_TimeBaseInit) for TIM_TimeBaseInit
    timer.o(i.TIM4_PID_Init) refers to misc.o(i.NVIC_Init) for NVIC_Init
    timer.o(i.TIM4_PID_Init) refers to stm32f10x_tim.o(i.TIM_ITConfig) for TIM_ITConfig
    timer.o(i.TIM4_PID_Init) refers to stm32f10x_tim.o(i.TIM_Cmd) for TIM_Cmd
    timer.o(i.TIM5_Cap_Init) refers to stm32f10x_rcc.o(i.RCC_APB1PeriphClockCmd) for RCC_APB1PeriphClockCmd
    timer.o(i.TIM5_Cap_Init) refers to stm32f10x_rcc.o(i.RCC_APB2PeriphClockCmd) for RCC_APB2PeriphClockCmd
    timer.o(i.TIM5_Cap_Init) refers to stm32f10x_gpio.o(i.GPIO_Init) for GPIO_Init
    timer.o(i.TIM5_Cap_Init) refers to stm32f10x_gpio.o(i.GPIO_ResetBits) for GPIO_ResetBits
    timer.o(i.TIM5_Cap_Init) refers to stm32f10x_tim.o(i.TIM_TimeBaseInit) for TIM_TimeBaseInit
    timer.o(i.TIM5_Cap_Init) refers to stm32f10x_tim.o(i.TIM_ICInit) for TIM_ICInit
    timer.o(i.TIM5_Cap_Init) refers to misc.o(i.NVIC_Init) for NVIC_Init
[...]
    i.IIC_Init                               0x08001af4   Section        0  myiic.o(i.IIC_Init)
    i.IIC_NAck                               0x08001b28   Section        0  myiic.o(i.IIC_NAck)
    i.IIC_Read_Byte                          0x08001b78   Section        0  myiic.o(i.IIC_Read_Byte)
    i.IIC_Send_Byte                          0x08001be8   Section        0  myiic.o(i.IIC_Send_Byte)
    i.IIC_Start                              0x08001c50   Section        0  myiic.o(i.IIC_Start)
    i.IIC_Stop                               0x08001c9c   Section        0  myiic.o(i.IIC_Stop)
    i.IIC_Wait_Ack                           0x08001ce8   Section        0  myiic.o(i.IIC_Wait_Ack)
    i.InitializeByEEPROM_function            0x08001d4c   Section        0  function.o(i.InitializeByEEPROM_function)
    i.KEY_Init                               0x08001e54   Section        0  key.o(i.KEY_Init)
    i.Key_function                           0x08001e94   Section        0  function.o(i.Key_function)
    i.LCD_Clear                              0x0800235c   Section        0  lcd.o(i.LCD_Clear)
    i.LCD_Display_Dir                        0x080023c8   Section        0  lcd.o(i.LCD_Display_Dir)
    i.LCD_DrawLine                           0x08002588   Section        0  lcd.o(i.LCD_DrawLine)
    i.LCD_DrawPoint                          0x08002638   Section        0  lcd.o(i.LCD_DrawPoint)
    i.LCD_DrawRectangle                      0x0800265c   Section        0  lcd.o(i.LCD_DrawRectangle)
    i.LCD_Fast_DrawPoint                     0x08002698   Section        0  lcd.o(i.LCD_Fast_DrawPoint)
    i.LCD_Fill                               0x08002814   Section        0  lcd.o(i.LCD_Fill)
    i.LCD_Init                               0x080028d0   Section        0  lcd.o(i.LCD_Init)
    i.LCD_Pow                                0x0800603c   Section        0  lcd.o(i.LCD_Pow)
    i.LCD_RD_DATA                            0x08006054   Section        0  lcd.o(i.LCD_RD_DATA)
    i.LCD_ReadReg                            0x08006068   Section        0  lcd.o(i.LCD_ReadReg)
    i.LCD_SSD_BackLightSet                   0x08006080   Section        0  lcd.o(i.LCD_SSD_BackLightSet)
    i.LCD_Scan_Dir                           0x080060d4   Section        0  lcd.o(i.LCD_Scan_Dir)
    i.LCD_SetCursor                          0x080063c0   Section        0  lcd.o(i.LCD_SetCursor)
    i.LCD_ShowChar                           0x08006568   Section        0  lcd.o(i.LCD_ShowChar)
    i.LCD_ShowNum                            0x08006690   Section        0  lcd.o(i.LCD_ShowNum)
    i.LCD_ShowString                         0x08006724   Section        0  lcd.o(i.LCD_ShowString)
    i.LCD_ShowxNum                           0x0800678a   Section        0  lcd.o(i.LCD_ShowxNum)
    i.LCD_WR_DATA                            0x08006848   Section        0  lcd.o(i.LCD_WR_DATA)
    i.LCD_WR_REG                             0x08006854   Section        0  lcd.o(i.LCD_WR_REG)
    i.LCD_WriteRAM_Prepare                   0x08006860   Section        0  lcd.o(i.LCD_WriteRAM_Prepare)
    i.LCD_WriteReg                           0x08006874   Section        0  lcd.o(i.LCD_WriteReg)
    i.MemManage_Handler                      0x08006884   Section        0  stm32f10x_it.o(i.MemManage_Handler)
    i.Mode_Switch                            0x08006888   Section        0  function.o(i.Mode_Switch)
    i.Motor_Init                             0x08006920   Section        0  motor.o(i.Motor_Init)
    i.Motor_Read_Angle                       0x0800694c   Section        0  motor.o(i.Motor_Read_Angle)
    i.Motor_Read_Speed                       0x08006978   Section        0  motor.o(i.Motor_Read_Speed)
    i.Motor_Set_Angle                        0x08006984   Section        0  motor.o(i.Motor_Set_Angle)
    i.Motor_Set_Speed                        0x08006994   Section        0  motor.o(i.Motor_Set_Speed)
    i.Motor_dir                              0x080069b8   Section        0  motor.o(i.Motor_dir)
    i.NMI_Handler                            0x080069e8   Section        0  stm32f10x_it.o(i.NMI_Handler)
    i.NVIC_Init                              0x080069ec   Section        0  misc.o(i.NVIC_Init)
    i.NVIC_PriorityGroupConfig               0x08006a5c   Section        0  misc.o(i.NVIC_PriorityGroupConfig)
    i.PID_Angle                              0x08006a70   Section        0  pid.o(i.PID_Angle)
    i.PID_init                               0x08006af0   Section        0  pid.o(i.PID_init)
    i.PID_realize                            0x08006b4c   Section        0  pid.o(i.PID_realize)
    i.PendSV_Handler                         0x08006bcc   Section        0  stm32f10x_it.o(i.PendSV_Handler)
    i.Printf                                 0x08006bd0   Section        0  printf.o(i.Printf)
    i.RCC_AHBPeriphClockCmd                  0x08006d40   Section        0  stm32f10x_rcc.o(i.RCC_AHBPeriphClockCmd)
    i.RCC_APB1PeriphClockCmd                 0x08006d60   Section        0  stm32f10x_rcc.o(i.RCC_APB1PeriphClockCmd)
    i.RCC_APB2PeriphClockCmd                 0x08006d80   Section        0  stm32f10x_rcc.o(i.RCC_APB2PeriphClockCmd)
    i.RCC_GetClocksFreq                      0x08006da0   Section        0  stm32f10x_rcc.o(i.RCC_GetClocksFreq)
    i.SVC_Handler                            0x08006e74   Section        0  stm32f10x_it.o(i.SVC_Handler)
    i.Select_order                           0x08006e78   Section        0  menu.o(i.Select_order)
    i.SetSysClock                            0x08007b8c   Section        0  system_stm32f10x.o(i.SetSysClock)
    SetSysClock                              0x08007b8d   Thumb Code     8  system_stm32f10x.o(i.SetSysClock)
    i.SetSysClockTo72                        0x08007b94   Section        0  system_stm32f10x.o(i.SetSysClockTo72)
    SetSysClockTo72                          0x08007b95   Thumb Code   214  system_stm32f10x.o(i.SetSysClockTo72)
    i.SkipLimit_function                     0x08007c74   Section        0  function.o(i.SkipLimit_function)
    i.SpeedLimi_function                     0x08007ca0   Section        0  function.o(i.SpeedLimi_function)
    i.SpeedWarning_function                  0x08007cc4   Section        0  function.o(i.SpeedWarning_function)
    i.SysTick_CLKSourceConfig                0x08007d30   Section        0  misc.o(i.SysTick_CLKSourceConfig)
    i.SysTick_Handler                        0x08007d58   Section        0  stm32f10x_it.o(i.SysTick_Handler)
    i.SystemInit                             0x08007d5c   Section        0  system_stm32f10x.o(i.SystemInit)
    i.TI1_Config                             0x08007dbc   Section        0  stm32f10x_tim.o(i.TI1_Config)
    TI1_Config                               0x08007dbd   Thumb Code   108  stm32f10x_tim.o(i.TI1_Config)
    i.TI2_Config                             0x08007e3c   Section        0  stm32f10x_tim.o(i.TI2_Config)
    TI2_Config                               0x08007e3d   Thumb Code   130  stm32f10x_tim.o(i.TI2_Config)
    i.TI3_Config                             0x08007ed4   Section        0  stm32f10x_tim.o(i.TI3_Config)
    TI3_Config                               0x08007ed5   Thumb Code   122  stm32f10x_tim.o(i.TI3_Config)
    i.TI4_Config                             0x08007f64   Section        0  stm32f10x_tim.o(i.TI4_Config)
    TI4_Config                               0x08007f65   Thumb Code   130  stm32f10x_tim.o(i.TI4_Config)
    i.TIM3_PWM_Init                          0x08007ffc   Section        0  timer.o(i.TIM3_PWM_Init)
    i.TIM4_IRQHandler                        0x08008078   Section        0  timer.o(i.TIM4_IRQHandler)
    i.TIM4_PID_Init                          0x080080e0   Section        0  timer.o(i.TIM4_PID_Init)
    i.TIM5_Cap_Init                          0x08008140   Section        0  timer.o(i.TIM5_Cap_Init)
    i.TIM5_IRQHandler                        0x08008210   Section        0  timer.o(i.TIM5_IRQHandler)
    i.TIM_ClearITPendingBit                  0x080082ec   Section        0  stm32f10x_tim.o(i.TIM_ClearITPendingBit)
    i.TIM_Cmd                                0x080082f2   Section        0  stm32f10x_tim.o(i.TIM_Cmd)
    i.TIM_GetCapture1                        0x0800830a   Section        0  stm32f10x_tim.o(i.TIM_GetCapture1)
    i.TIM_GetITStatus                        0x08008310   Section        0  stm32f10x_tim.o(i.TIM_GetITStatus)
    i.TIM_ICInit                             0x08008334   Section        0  stm32f10x_tim.o(i.TIM_ICInit)
    i.TIM_ITConfig                           0x080083e0   Section        0  stm32f10x_tim.o(i.TIM_ITConfig)
    i.TIM_OC1Init                            0x080083f4   Section        0  stm32f10x_tim.o(i.TIM_OC1Init)
    i.TIM_SetCompare1                        0x0800848c   Section        0  stm32f10x_tim.o(i.TIM_SetCompare1)
    i.TIM_SetCounter                         0x08008490   Section        0  stm32f10x_tim.o(i.TIM_SetCounter)
    i.TIM_SetIC1Prescaler                    0x08008494   Section        0  stm32f10x_tim.o(i.TIM_SetIC1Prescaler)
    i.TIM_SetIC2Prescaler                    0x080084a6   Section        0  stm32f10x_tim.o(i.TIM_SetIC2Prescaler)
    i.TIM_SetIC3Prescaler                    0x080084c0   Section        0  stm32f10x_tim.o(i.TIM_SetIC3Prescaler)
    i.TIM_SetIC4Prescaler                    0x080084d2   Section        0  stm32f10x_tim.o(i.TIM_SetIC4Prescaler)
    i.TIM_TimeBaseInit                       0x080084ec   Section        0  stm32f10x_tim.o(i.TIM_TimeBaseInit)
    i.UI_Working                             0x08008590   Section        0  ui.o(i.UI_Working)
    i.USART1_IRQHandler                      0x08008c84   Section        0  usart.o(i.USART1_IRQHandler)
    i.USART_Cmd                              0x08008cfc   Section        0  stm32f10x_usart.o(i.USART_Cmd)
    i.USART_GetFlagStatus                    0x08008d14   Section        0  stm32f10x_usart.o(i.USART_GetFlagStatus)
    i.USART_GetITStatus                      0x08008d2e   Section        0  stm32f10x_usart.o(i.USART_GetITStatus)
    i.USART_ITConfig                         0x08008d82   Section        0  stm32f10x_usart.o(i.USART_ITConfig)
    i.USART_Init                             0x08008dcc   Section        0  stm32f10x_usart.o(i.USART_Init)
    i.USART_ReceiveData                      0x08008ea4   Section        0  stm32f10x_usart.o(i.USART_ReceiveData)
    i.USART_SendData                         0x08008eae   Section        0  stm32f10x_usart.o(i.USART_SendData)
    i.UsageFault_Handler                     0x08008eb6   Section        0  stm32f10x_it.o(i.UsageFault_Handler)
    i.__ARM_fpclassify                       0x08008eba   Section        0  fpclassify.o(i.__ARM_fpclassify)
    i._sys_exit                              0x08008ee2   Section        0  usart.o(i._sys_exit)
    i.delay_init                             0x08008ee8   Section        0  delay.o(i.delay_init)
    i.delay_ms                               0x08008f2c   Section        0  delay.o(i.delay_ms)
    i.delay_us                               0x08008f78   Section        0  delay.o(i.delay_us)
    i.float_to_char                          0x08008fc4   Section        0  ui.o(i.float_to_char)
    i.fputc                                  0x080090ac   Section        0  usart.o(i.fputc)
    i.main                                   0x080090c8   Section        0  main.o(i.main)
    i.uart_init                              0x080091d0   Section        0  usart.o(i.uart_init)
    locale$$code                             0x08009270   Section       44  lc_numeric_c.o(locale$$code)
    x$fpl$d2f                                0x0800929c   Section       98  d2f.o(x$fpl$d2f)
    x$fpl$dadd                               0x08009300   Section      336  daddsub_clz.o(x$fpl$dadd)
    _dadd1                                   0x08009311   Thumb Code     0  daddsub_clz.o(x$fpl$dadd)
    x$fpl$dcmpinf                            0x08009450   Section       24  dcmpi.o(x$fpl$dcmpinf)
    x$fpl$ddiv                               0x08009468   Section      688  ddiv.o(x$fpl$ddiv)
    ddiv_entry                               0x0800946f   Thumb Code     0  ddiv.o(x$fpl$ddiv)
    x$fpl$dfix                               0x08009718   Section       94  dfix.o(x$fpl$dfix)
    x$fpl$dfixu                              0x08009778   Section       90  dfixu.o(x$fpl$dfixu)
    x$fpl$dflt                               0x080097d2   Section       46  dflt_clz.o(x$fpl$dflt)
    x$fpl$dfltu                              0x08009800   Section       38  dflt_clz.o(x$fpl$dfltu)
    x$fpl$dleqf                              0x08009828   Section      120  dleqf.o(x$fpl$dleqf)
    x$fpl$dmul                               0x080098a0   Section      340  dmul.o(x$fpl$dmul)
    x$fpl$dnaninf                            0x080099f4   Section      156  dnaninf.o(x$fpl$dnaninf)
    x$fpl$dretinf                            0x08009a90   Section       12  dretinf.o(x$fpl$dretinf)
    x$fpl$drleqf                             0x08009a9c   Section      108  drleqf.o(x$fpl$drleqf)
    x$fpl$drsb                               0x08009b08   Section       22  daddsub_clz.o(x$fpl$drsb)
    x$fpl$dsub                               0x08009b20   Section      468  daddsub_clz.o(x$fpl$dsub)
    _dsub1                                   0x08009b31   Thumb Code     0  daddsub_clz.o(x$fpl$dsub)
    x$fpl$f2d                                0x08009cf4   Section       86  f2d.o(x$fpl$f2d)
    x$fpl$fadd                               0x08009d4c   Section      196  faddsub_clz.o(x$fpl$fadd)
    _fadd1                                   0x08009d5b   Thumb Code     0  faddsub_clz.o(x$fpl$fadd)
    x$fpl$fcmpinf                            0x08009e10   Section       24  fcmpi.o(x$fpl$fcmpinf)
    x$fpl$ffix                               0x08009e28   Section       54  ffix.o(x$fpl$ffix)
    x$fpl$ffixu                              0x08009e60   Section       62  ffixu.o(x$fpl$ffixu)
    x$fpl$fflt                               0x08009ea0   Section       48  fflt_clz.o(x$fpl$fflt)
    x$fpl$ffltu                              0x08009ed0   Section       38  fflt_clz.o(x$fpl$ffltu)
    x$fpl$fleqf                              0x08009ef8   Section      104  fleqf.o(x$fpl$fleqf)
    x$fpl$fmul                               0x08009f60   Section      258  fmul.o(x$fpl$fmul)
    x$fpl$fnaninf                            0x0800a062   Section      140  fnaninf.o(x$fpl$fnaninf)
    x$fpl$fretinf                            0x0800a0ee   Section       10  fretinf.o(x$fpl$fretinf)
    x$fpl$frleqf                             0x0800a0f8   Section       98  frleqf.o(x$fpl$frleqf)
    x$fpl$frsb                               0x0800a15a   Section       20  faddsub_clz.o(x$fpl$frsb)
    x$fpl$fsub                               0x0800a170   Section      234  faddsub_clz.o(x$fpl$fsub)
    _fsub1                                   0x0800a17f   Thumb Code     0  faddsub_clz.o(x$fpl$fsub)
    x$fpl$printf1                            0x0800a25a   Section        4  printf1.o(x$fpl$printf1)
    .constdata                               0x0800a25e   Section     6080  lcd.o(.constdata)
    x$fpl$usenofp                            0x0800a25e   Section        0  usenofp.o(x$fpl$usenofp)
    .constdata                               0x0800ba1e   Section       40  _printf_hex_int.o(.constdata)
    uc_hextab                                0x0800ba1e   Data          20  _printf_hex_int.o(.constdata)
    lc_hextab                                0x0800ba32   Data          20  _printf_hex_int.o(.constdata)
    .constdata                               0x0800ba48   Section      148  bigflt0.o(.constdata)
    tenpwrs_x                                0x0800ba48   Data          60  bigflt0.o(.constdata)
    tenpwrs_i                                0x0800ba84   Data          64  bigflt0.o(.constdata)
    locale$$data                             0x0800bafc   Section       28  lc_numeric_c.o(locale$$data)
    __lcnum_c_name                           0x0800bb00   Data           2  lc_numeric_c.o(locale$$data)
    __lcnum_c_start                          0x0800bb08   Data           0  lc_numeric_c.o(locale$$data)
    __lcnum_c_point                          0x0800bb14   Data           0  lc_numeric_c.o(locale$$data)
    __lcnum_c_thousands                      0x0800bb16   Data           0  lc_numeric_c.o(locale$$data)
    __lcnum_c_grouping                       0x0800bb17   Data           0  lc_numeric_c.o(locale$$data)
    __lcnum_c_end                            0x0800bb18   Data           0  lc_numeric_c.o(locale$$data)
    .data                                    0x20000000   Section       37  main.o(.data)
    .data                                    0x20000028   Section       20  system_stm32f10x.o(.data)
    .data                                    0x2000003c   Section       10  timer.o(.data)
    .data                                    0x20000046   Section        4  lcd.o(.data)
    .data                                    0x2000004a   Section        4  delay.o(.data)
    fac_us                                   0x2000004a   Data           1  delay.o(.data)
    fac_ms                                   0x2000004c   Data           2  delay.o(.data)
    .data                                    0x20000050   Section        6  usart.o(.data)
    .data                                    0x20000058   Section       60  ui.o(.data)
    .data                                    0x20000094   Section       20  stm32f10x_rcc.o(.data)
    APBAHBPrescTable                         0x20000094   Data          16  stm32f10x_rcc.o(.data)
    ADCPrescTable                            0x200000a4   Data           4  stm32f10x_rcc.o(.data)
    .bss                                     0x200000a8   Section       36  pid.o(.bss)
    .bss                                     0x200000cc   Section       14  lcd.o(.bss)
    .bss                                     0x200000da   Section      200  usart.o(.bss)
    .bss                                     0x200001a4   Section       96  libspace.o(.bss)
    HEAP                                     0x20000208   Section      512  startup_stm32f10x_hd.o(HEAP)
    Heap_Mem                                 0x20000208   Data         512  startup_stm32f10x_hd.o(HEAP)
    STACK                                    0x20000408   Section     1024  startup_stm32f10x_hd.o(STACK)
    Stack_Mem                                0x20000408   Data        1024  startup_stm32f10x_hd.o(STACK)
    __initial_sp                             0x20000808   Data           0  startup_stm32f10x_hd.o(STACK)

    Global Symbols

    Symbol Name                              Value     Ov Type        Size  Object(Section)

    BuildAttributes$$THM_ISAv4$P$D$K$B$S$PE$A:L22UL41UL21$X:L11$S22US41US21$IEEE1$IW$USESV6$~STKCKD$USESV7$~SHL$OTIME$ROPI$IEEEJ$EBA8$UX$STANDARDLIB$REQ8$PRES8$EABIv2 0x00000000   Number         0  anon$$obj.o ABSOLUTE
    __ARM_use_no_argv                        0x00000000   Number         0  main.o ABSOLUTE
    __ARM_exceptions_init                     - Undefined Weak Reference
    __alloca_initialize                       - Undefined Weak Reference
    __arm_preinit_                            - Undefined Weak Reference
    __cpp_initialize__aeabi_                  - Undefined Weak Reference
    __cxa_finalize                            - Undefined Weak Reference
    __sigvec_lookup                           - Undefined Weak Reference
    _atexit_init                              - Undefined Weak Reference
    _call_atexit_fns                          - Undefined Weak Reference
    _clock_init                               - Undefined Weak Reference
    _fp_trap_init                             - Undefined Weak Reference
    _fp_trap_shutdown                         - Undefined Weak Reference
    _get_lc_collate                           - Undefined Weak Reference
    _get_lc_ctype                             - Undefined Weak Reference
    _get_lc_monetary                          - Undefined Weak Reference
    _get_lc_time                              - Undefined Weak Reference
    _getenv_init                              - Undefined Weak Reference
    _handle_redirection                       - Undefined Weak Reference
    _init_alloc                               - Undefined Weak Reference
    _init_user_alloc                          - Undefined Weak Reference
    _initio                                   - Undefined Weak Reference
    _mutex_acquire                            - Undefined Weak Reference
    _mutex_release                            - Undefined Weak Reference
    _printf_post_padding                      - Undefined Weak Reference
    _printf_pre_padding                       - Undefined Weak Reference
    _printf_truncate_signed                   - Undefined Weak Reference
    _printf_truncate_unsigned                 - Undefined Weak Reference
    _rand_init                                - Undefined Weak Reference
    _signal_finish                            - Undefined Weak Reference
    _signal_init                              - Undefined Weak Reference
    _terminate_alloc                          - Undefined Weak Reference
    _terminate_user_alloc                     - Undefined Weak Reference
    _terminateio                              - Undefined Weak Reference
    __Vectors_Size                           0x00000130   Number         0  startup_stm32f10x_hd.o ABSOLUTE
    __Vectors                                0x08000000   Data           4  startup_stm32f10x_hd.o(RESET)
    __Vectors_End                            0x08000130   Data           0  startup_stm32f10x_hd.o(RESET)
    __main                                   0x08000131   Thumb Code     8  __main.o(!!!main)
    __scatterload                            0x08000139   Thumb Code     0  __scatter.o(!!!scatter)
    __scatterload_rt2                        0x08000139   Thumb Code    44  __scatter.o(!!!scatter)
    __scatterload_rt2_thumb_only             0x08000139   Thumb Code     0  __scatter.o(!!!scatter)
    __scatterload_null                       0x08000147   Thumb Code     0  __scatter.o(!!!scatter)
    __scatterload_copy                       0x0800016d   Thumb Code    26  __scatter_copy.o(!!handler_copy)
    __scatterload_zeroinit                   0x08000189   Thumb Code    28  __scatter_zi.o(!!handler_zi)
    _printf_f                                0x080001a5   Thumb Code     0  _printf_f.o(.ARM.Collect$$_printf_percent$$00000003)
    _printf_percent                          0x080001a5   Thumb Code     0  _printf_percent.o(.ARM.Collect$$_printf_percent$$00000000)
    _printf_d                                0x080001ab   Thumb Code     0  _printf_d.o(.ARM.Collect$$_printf_percent$$00000009)
    _printf_x                                0x080001b1   Thumb Code     0  _printf_x.o(.ARM.Collect$$_printf_percent$$0000000C)
    _printf_percent_end                      0x080001b7   Thumb Code     0  _printf_percent_end.o(.ARM.Collect$$_printf_percent$$00000017)
    __rt_lib_init                            0x080001bb   Thumb Code     0  libinit.o(.ARM.Collect$$libinit$$00000000)
    __rt_lib_init_fp_1                       0x080001bd   Thumb Code     0  libinit2.o(.ARM.Collect$$libinit$$00000002)
    __rt_lib_init_heap_1                     0x080001bd   Thumb Code     0  libinit2.o(.ARM.Collect$$libinit$$0000000A)
    __rt_lib_init_lc_common                  0x080001bd   Thumb Code     0  libinit2.o(.ARM.Collect$$libinit$$0000000F)
    __rt_lib_init_preinit_1                  0x080001bd   Thumb Code     0  libinit2.o(.ARM.Collect$$libinit$$00000004)
    __rt_lib_init_rand_1                     0x080001bd   Thumb Code     0  libinit2.o(.ARM.Collect$$libinit$$0000000E)
    __rt_lib_init_user_alloc_1               0x080001bd   Thumb Code     0  libinit2.o(.ARM.Collect$$libinit$$0000000C)
    __rt_lib_init_lc_collate_1               0x080001c3   Thumb Code     0  libinit2.o(.ARM.Collect$$libinit$$00000011)
    __rt_lib_init_lc_ctype_1                 0x080001c3   Thumb Code     0  libinit2.o(.ARM.Collect$$libinit$$00000013)
    __rt_lib_init_lc_monetary_1              0x080001c3   Thumb Code     0  libinit2.o(.ARM.Collect$$libinit$$00000015)
    __rt_lib_init_lc_numeric_2               0x080001c3   Thumb Code     0  libinit2.o(.ARM.Collect$$libinit$$00000016)
    __rt_lib_init_alloca_1                   0x080001cd   Thumb Code     0  libinit2.o(.ARM.Collect$$libinit$$0000002E)
    __rt_lib_init_argv_1                     0x080001cd   Thumb Code     0  libinit2.o(.ARM.Collect$$libinit$$0000002C)
    __rt_lib_init_atexit_1                   0x080001cd   Thumb Code     0  libinit2.o(.ARM.Collect$$libinit$$0000001B)
    __rt_lib_init_clock_1                    0x080001cd   Thumb Code     0  libinit2.o(.ARM.Collect$$libinit$$00000021)
    __rt_lib_init_cpp_1                      0x080001cd   Thumb Code     0  libinit2.o(.ARM.Collect$$libinit$$00000032)
    __rt_lib_init_exceptions_1               0x080001cd   Thumb Code     0  libinit2.o(.ARM.Collect$$libinit$$00000030)
    __rt_lib_init_fp_trap_1                  0x080001cd   Thumb Code     0  libinit2.o(.ARM.Collect$$libinit$$0000001F)
    __rt_lib_init_getenv_1                   0x080001cd   Thumb Code     0  libinit2.o(.ARM.Collect$$libinit$$00000023)
    __rt_lib_init_lc_numeric_1               0x080001cd   Thumb Code     0  libinit2.o(.ARM.Collect$$libinit$$00000017)
    __rt_lib_init_lc_time_1                  0x080001cd   Thumb Code     0  libinit2.o(.ARM.Collect$$libinit$$00000019)
    __rt_lib_init_return                     0x080001cd   Thumb Code     0  libinit2.o(.ARM.Collect$$libinit$$00000033)
    __rt_lib_init_signal_1                   0x080001cd   Thumb Code     0  libinit2.o(.ARM.Collect$$libinit$$0000001D)
    __rt_lib_init_stdio_1                    0x080001cd   Thumb Code     0  libinit2.o(.ARM.Collect$$libinit$$00000025)
    __rt_lib_shutdown                        0x080001cf   Thumb Code     0  libshutdown.o(.ARM.Collect$$libshutdown$$00000000)
    __rt_lib_shutdown_fp_trap_1              0x080001d1   Thumb Code     0  libshutdown2.o(.ARM.Collect$$libshutdown$$00000006)
    __rt_lib_shutdown_heap_1                 0x080001d1   Thumb Code     0  libshutdown2.o(.ARM.Collect$$libshutdown$$0000000E)
    __rt_lib_shutdown_return                 0x080001d1   Thumb Code     0  libshutdown2.o(.ARM.Collect$$libshutdown$$0000000F)
    __rt_lib_shutdown_signal_1               0x080001d1   Thumb Code     0  libshutdown2.o(.ARM.Collect$$libshutdown$$00000009)
    __rt_lib_shutdown_stdio_1                0x080001d1   Thumb Code     0  libshutdown2.o(.ARM.Collect$$libshutdown$$00000003)
    __rt_lib_shutdown_user_alloc_1           0x080001d1   Thumb Code     0  libshutdown2.o(.ARM.Collect$$libshutdown$$0000000B)
    __rt_entry                               0x080001d3   Thumb Code     0  __rtentry.o(.ARM.Collect$$rtentry$$00000000)
    __rt_entry_presh_1                       0x080001d3   Thumb Code     0  __rtentry2.o(.ARM.Collect$$rtentry$$00000002)
    __rt_entry_sh                            0x080001d3   Thumb Code     0  __rtentry4.o(.ARM.Collect$$rtentry$$00000004)
    __rt_entry_li                            0x080001d9   Thumb Code     0  __rtentry2.o(.ARM.Collect$$rtentry$$0000000A)
    __rt_entry_postsh_1                      0x080001d9   Thumb Code     0  __rtentry2.o(.ARM.Collect$$rtentry$$00000009)
    __rt_entry_main                          0x080001dd   Thumb Code     0  __rtentry2.o(.ARM.Collect$$rtentry$$0000000D)
    __rt_entry_postli_1                      0x080001dd   Thumb Code     0  __rtentry2.o(.ARM.Collect$$rtentry$$0000000C)
    __rt_exit                                0x080001e5   Thumb Code     0  rtexit.o(.ARM.Collect$$rtexit$$00000000)
    __rt_exit_ls                             0x080001e7   Thumb Code     0  rtexit2.o(.ARM.Collect$$rtexit$$00000003)
    __rt_exit_prels_1                        0x080001e7   Thumb Code     0  rtexit2.o(.ARM.Collect$$rtexit$$00000002)
    __rt_exit_exit                           0x080001eb   Thumb Code     0  rtexit2.o(.ARM.Collect$$rtexit$$00000004)
    Reset_Handler                            0x080001f1   Thumb Code     8  startup_stm32f10x_hd.o(.text)
    ADC1_2_IRQHandler                        0x0800020b   Thumb Code     0  startup_stm32f10x_hd.o(.text)
    ADC3_IRQHandler                          0x0800020b   Thumb Code     0  startup_stm32f10x_hd.o(.text)
    CAN1_RX1_IRQHandler                      0x0800020b   Thumb Code     0  startup_stm32f10x_hd.o(.text)
    CAN1_SCE_IRQHandler                      0x0800020b   Thumb Code     0  startup_stm32f10x_hd.o(.text)
    DMA1_Channel1_IRQHandler                 0x0800020b   Thumb Code     0  startup_stm32f10x_hd.o(.text)
    DMA1_Channel2_IRQHandler                 0x0800020b   Thumb Code     0  startup_stm32f10x_hd.o(.text)
    DMA1_Channel3_IRQHandler                 0x0800020b   Thumb Code     0  startup_stm32f10x_hd.o(.text)
    DMA1_Channel4_IRQHandler                 0x0800020b   Thumb Code     0  startup_stm32f10x_hd.o(.text)
    DMA1_Channel5_IRQHandler                 0x0800020b   Thumb Code     0  startup_stm32f10x_hd.o(.text)
    DMA1_Channel6_IRQHandler                 0x0800020b   Thumb Code     0  startup_stm32f10x_hd.o(.text)
    DMA1_Channel7_IRQHandler                 0x0800020b   Thumb Code     0  startup_stm32f10x_hd.o(.text)
    DMA2_Channel1_IRQHandler                 0x0800020b   Thumb Code     0  startup_stm32f10x_hd.o(.text)
    DMA2_Channel2_IRQHandler                 0x0800020b   Thumb Code     0  startup_stm32f10x_hd.o(.text)
    DMA2_Channel3_IRQHandler                 0x0800020b   Thumb Code     0  startup_stm32f10x_hd.o(.text)
    DMA2_Channel4_5_IRQHandler               0x0800020b   Thumb Code     0  startup_stm32f10x_hd.o(.text)
    EXTI0_IRQHandler                         0x0800020b   Thumb Code     0  startup_stm32f10x_hd.o(.text)
    EXTI15_10_IRQHandler                     0x0800020b   Thumb Code     0  startup_stm32f10x_hd.o(.text)
    EXTI1_IRQHandler                         0x0800020b   Thumb Code     0  startup_stm32f10x_hd.o(.text)
    EXTI2_IRQHandler                         0x0800020b   Thumb Code     0  startup_stm32f10x_hd.o(.text)
    EXTI3_IRQHandler                         0x0800020b   Thumb Code     0  startup_stm32f10x_hd.o(.text)
    EXTI4_IRQHandler                         0x0800020b   Thumb Code     0  startup_stm32f10x_hd.o(.text)
    EXTI9_5_IRQHandler                       0x0800020b   Thumb Code     0  startup_stm32f10x_hd.o(.text)
    FLASH_IRQHandler                         0x0800020b   Thumb Code     0  startup_stm32f10x_hd.o(.text)
    FSMC_IRQHandler                          0x0800020b   Thumb Code     0  startup_stm32f10x_hd.o(.text)
    I2C1_ER_IRQHandler                       0x0800020b   Thumb Code     0  startup_stm32f10x_hd.o(.text)
    I2C1_EV_IRQHandler                       0x0800020b   Thumb Code     0  startup_stm32f10x_hd.o(.text)
    I2C2_ER_IRQHandler                       0x0800020b   Thumb Code     0  startup_stm32f10x_hd.o(.text)
    I2C2_EV_IRQHandler                       0x0800020b   Thumb Code     0  startup_stm32f10x_hd.o(.text)
    PVD_IRQHandler                           0x0800020b   Thumb Code     0  startup_stm32f10x_hd.o(.text)
    RCC_IRQHandler                           0x0800020b   Thumb Code     0  startup_stm32f10x_hd.o(.text)
    RTCAlarm_IRQHandler                      0x0800020b   Thumb Code     0  startup_stm32f10x_hd.o(.text)
    RTC_IRQHandler                           0x0800020b   Thumb Code     0  startup_stm32f10x_hd.o(.text)
    SDIO_IRQHandler                          0x0800020b   Thumb Code     0  startup_stm32f10x_hd.o(.text)
    SPI1_IRQHandler                          0x0800020b   Thumb Code     0  startup_stm32f10x_hd.o(.text)
    SPI2_IRQHandler                          0x0800020b   Thumb Code     0  startup_stm32f10x_hd.o(.text)
    SPI3_IRQHandler                          0x0800020b   Thumb Code     0  startup_stm32f10x_hd.o(.text)
    TAMPER_IRQHandler                        0x0800020b   Thumb Code     0  startup_stm32f10x_hd.o(.text)
    TIM1_BRK_IRQHandler                      0x0800020b   Thumb Code     0  startup_stm32f10x_hd.o(.text)
    TIM1_CC_IRQHandler                       0x0800020b   Thumb Code     0  startup_stm32f10x_hd.o(.text)
    TIM1_TRG_COM_IRQHandler                  0x0800020b   Thumb Code     0  startup_stm32f10x_hd.o(.text)
    TIM1_UP_IRQHandler                       0x0800020b   Thumb Code     0  startup_stm32f10x_hd.o(.text)
    TIM2_IRQHandler                          0x0800020b   Thumb Code     0  startup_stm32f10x_hd.o(.text)
    TIM3_IRQHandler                          0x0800020b   Thumb Code     0  startup_stm32f10x_hd.o(.text)
    TIM6_IRQHandler                          0x0800020b   Thumb Code     0  startup_stm32f10x_hd.o(.text)
    TIM7_IRQHandler                          0x0800020b   Thumb Code     0  startup_stm32f10x_hd.o(.text)
    TIM8_BRK_IRQHandler                      0x0800020b   Thumb Code     0  startup_stm32f10x_hd.o(.text)
    TIM8_CC_IRQHandler                       0x0800020b   Thumb Code     0  startup_stm32f10x_hd.o(.text)
    TIM8_TRG_COM_IRQHandler                  0x0800020b   Thumb Code     0  startup_stm32f10x_hd.o(.text)
    TIM8_UP_IRQHandler                       0x0800020b   Thumb Code     0  startup_stm32f10x_hd.o(.text)
    UART4_IRQHandler                         0x0800020b   Thumb Code     0  startup_stm32f10x_hd.o(.text)
    UART5_IRQHandler                         0x0800020b   Thumb Code     0  startup_stm32f10x_hd.o(.text)
    USART2_IRQHandler                        0x0800020b   Thumb Code     0  startup_stm32f10x_hd.o(.text)
    USART3_IRQHandler                        0x0800020b   Thumb Code     0  startup_stm32f10x_hd.o(.text)
    USBWakeUp_IRQHandler                     0x0800020b   Thumb Code     0  startup_stm32f10x_hd.o(.text)
    USB_HP_CAN1_TX_IRQHandler                0x0800020b   Thumb Code     0  startup_stm32f10x_hd.o(.text)
    USB_LP_CAN1_RX0_IRQHandler               0x0800020b   Thumb Code     0  startup_stm32f10x_hd.o(.text)
    WWDG_IRQHandler                          0x0800020b   Thumb Code     0  startup_stm32f10x_hd.o(.text)
    __user_initial_stackheap                 0x0800020d   Thumb Code     0  startup_stm32f10x_hd.o(.text)
    __use_no_semihosting                     0x08000231   Thumb Code     2  use_no_semi_2.o(.text)
    __2printf                                0x08000235   Thumb Code    20  noretval__2printf.o(.text)
    __2sprintf                               0x0800024d   Thumb Code    34  noretval__2sprintf.o(.text)
    __printf                                 0x08000275   Thumb Code   104  __printf.o(.text)
    _printf_int_dec                          0x080002dd   Thumb Code   104  _printf_dec.o(.text)
    _printf_int_hex                          0x08000355   Thumb Code    84  _printf_hex_int.o(.text)
    _printf_longlong_hex                     0x08000355   Thumb Code     0  _printf_hex_int.o(.text)
    __use_two_region_memory                  0x080003ad   Thumb Code     2  heapauxi.o(.text)
    __rt_heap_escrow$2region                 0x080003af   Thumb Code     2  heapauxi.o(.text)
    __rt_heap_expand$2region                 0x080003b1   Thumb Code     2  heapauxi.o(.text)
    __I$use$semihosting                      0x080003b3   Thumb Code     0  use_no_semi.o(.text)
    __use_no_semihosting_swi                 0x080003b3   Thumb Code     2  use_no_semi.o(.text)
    _printf_int_common                       0x080003b5   Thumb Code   178  _printf_intcommon.o(.text)
    __lib_sel_fp_printf                      0x08000467   Thumb Code     2  _printf_fp_dec.o(.text)
    _printf_fp_dec_real                      0x08000615   Thumb Code   620  _printf_fp_dec.o(.text)
    _printf_char_common                      0x0800088b   Thumb Code    32  _printf_char_common.o(.text)
    _sputc                                   0x080008b1   Thumb Code    10  _sputc.o(.text)
    _printf_char_file                        0x080008bd   Thumb Code    32  _printf_char_file.o(.text)
    __rt_locale                              0x080008e1   Thumb Code     8  rt_locale_intlibspace.o(.text)
    _ll_udiv10                               0x080008e9   Thumb Code   138  lludiv10.o(.text)
    _printf_fp_infnan                        0x08000975   Thumb Code   112  _printf_fp_infnan.o(.text)
    _btod_etento                             0x080009f5   Thumb Code   216  bigflt0.o(.text)
    ferror                                   0x08000ad1   Thumb Code     8  ferror.o(.text)
    __user_libspace                          0x08000ad9   Thumb Code     8  libspace.o(.text)
    __user_perproc_libspace                  0x08000ad9   Thumb Code     0  libspace.o(.text)
    __user_perthread_libspace                0x08000ad9   Thumb Code     0  libspace.o(.text)
    __user_setup_stackheap                   0x08000ae1   Thumb Code    74  sys_stackheap_outer.o(.text)
    exit                                     0x08000b2b   Thumb Code    12  exit.o(.text)
    strcmp                                   0x08000b39   Thumb Code   128  strcmpv7m.o(.text)
    _btod_d2e                                0x08000bb9   Thumb Code    62  btod.o(CL$$btod_d2e)
    _d2e_denorm_low                          0x08000bf7   Thumb Code    70  btod.o(CL$$btod_d2e_denorm_low)
    _d2e_norm_op1                            0x08000c3d   Thumb Code    96  btod.o(CL$$btod_d2e_norm_op1)
    __btod_div_common                        0x08000c9d   Thumb Code   696  btod.o(CL$$btod_div_common)
    _e2e                                     0x08000fd5   Thumb Code   198  btod.o(CL$$btod_e2e)
    _btod_ediv                               0x0800109b   Thumb Code    40  btod.o(CL$$btod_ediv)
    _btod_emul                               0x080010c3   Thumb Code    40  btod.o(CL$$btod_emul)
    __btod_mult_common                       0x080010eb   Thumb Code   580  btod.o(CL$$btod_mult_common)
    Apply                                    0x08001331   Thumb Code   122  function.o(i.Apply)
    BEEP_Init                                0x080013c5   Thumb Code    50  beep.o(i.BEEP_Init)
    BusFault_Handler                         0x080013fd   Thumb Code     4  stm32f10x_it.o(i.BusFault_Handler)
    Char_to_int                              0x08001401   Thumb Code    14  menu.o(i.Char_to_int)
    DebugMon_Handler                         0x0800140f   Thumb Code     2  stm32f10x_it.o(i.DebugMon_Handler)
    EEPROM_Init                              0x08001411   Thumb Code     8  eeprom.o(i.EEPROM_Init)
    EEPROM_Read                              0x08001419   Thumb Code    88  eeprom.o(i.EEPROM_Read)
    EEPROM_ReadFloat                         0x08001471   Thumb Code   264  eeprom.o(i.EEPROM_ReadFloat)
    EEPROM_Write                             0x080015a9   Thumb Code    80  eeprom.o(i.EEPROM_Write)
    EEPROM_WriteFloat                        0x080015f9   Thumb Code   256  eeprom.o(i.EEPROM_WriteFloat)
    FSMC_NORSRAMCmd                          0x08001711   Thumb Code    46  stm32f10x_fsmc.o(i.FSMC_NORSRAMCmd)
    FSMC_NORSRAMInit                         0x08001745   Thumb Code   230  stm32f10x_fsmc.o(i.FSMC_NORSRAMInit)
    GPIO_Init                                0x0800182b   Thumb Code   278  stm32f10x_gpio.o(i.GPIO_Init)
    GPIO_ResetBits                           0x08001941   Thumb Code     4  stm32f10x_gpio.o(i.GPIO_ResetBits)
    GPIO_SetBits                             0x08001945   Thumb Code     4  stm32f10x_gpio.o(i.GPIO_SetBits)
    GetKey                                   0x08001949   Thumb Code   336  key.o(i.GetKey)
    HardFault_Handler                        0x08001aa1   Thumb Code     4  stm32f10x_it.o(i.HardFault_Handler)
    IIC_Ack                                  0x08001aa5   Thumb Code    66  myiic.o(i.IIC_Ack)
    IIC_Init                                 0x08001af5   Thumb Code    46  myiic.o(i.IIC_Init)
    IIC_NAck                                 0x08001b29   Thumb Code    66  myiic.o(i.IIC_NAck)
    IIC_Read_Byte                            0x08001b79   Thumb Code    98  myiic.o(i.IIC_Read_Byte)
    IIC_Send_Byte                            0x08001be9   Thumb Code    90  myiic.o(i.IIC_Send_Byte)
    IIC_Start                                0x08001c51   Thumb Code    64  myiic.o(i.IIC_Start)
    IIC_Stop                                 0x08001c9d   Thumb Code    62  myiic.o(i.IIC_Stop)
    IIC_Wait_Ack                             0x08001ce9   Thumb Code    86  myiic.o(i.IIC_Wait_Ack)
    InitializeByEEPROM_function              0x08001d4d   Thumb Code   230  function.o(i.InitializeByEEPROM_function)
    KEY_Init                                 0x08001e55   Thumb Code    58  key.o(i.KEY_Init)
    Key_function                             0x08001e95   Thumb Code  1208  function.o(i.Key_function)
    LCD_Clear                                0x0800235d   Thumb Code   100  lcd.o(i.LCD_Clear)
    LCD_Display_Dir                          0x080023c9   Thumb Code   444  lcd.o(i.LCD_Display_Dir)
    LCD_DrawLine                             0x08002589   Thumb Code   176  lcd.o(i.LCD_DrawLine)
    LCD_DrawPoint                            0x08002639   Thumb Code    28  lcd.o(i.LCD_DrawPoint)
    LCD_DrawRectangle                        0x0800265d   Thumb Code    60  lcd.o(i.LCD_DrawRectangle)
    LCD_Fast_DrawPoint                       0x08002699   Thumb Code   370  lcd.o(i.LCD_Fast_DrawPoint)
    LCD_Fill                                 0x08002815   Thumb Code   178  lcd.o(i.LCD_Fill)
    LCD_Init                                 0x080028d1   Thumb Code 14180  lcd.o(i.LCD_Init)
    LCD_Pow                                  0x0800603d   Thumb Code    22  lcd.o(i.LCD_Pow)
    LCD_RD_DATA                              0x08006055   Thumb Code    14  lcd.o(i.LCD_RD_DATA)
    LCD_ReadReg                              0x08006069   Thumb Code    22  lcd.o(i.LCD_ReadReg)
    LCD_SSD_BackLightSet                     0x08006081   Thumb Code    80  lcd.o(i.LCD_SSD_BackLightSet)
    LCD_Scan_Dir                             0x080060d5   Thumb Code   744  lcd.o(i.LCD_Scan_Dir)
    LCD_SetCursor                            0x080063c1   Thumb Code   418  lcd.o(i.LCD_SetCursor)
    LCD_ShowChar                             0x08006569   Thumb Code   272  lcd.o(i.LCD_ShowChar)
    LCD_ShowNum                              0x08006691   Thumb Code   148  lcd.o(i.LCD_ShowNum)
    LCD_ShowString                           0x08006725   Thumb Code   102  lcd.o(i.LCD_ShowString)
    LCD_ShowxNum                             0x0800678b   Thumb Code   190  lcd.o(i.LCD_ShowxNum)
    LCD_WR_DATA                              0x08006849   Thumb Code     6  lcd.o(i.LCD_WR_DATA)
    LCD_WR_REG                               0x08006855   Thumb Code     6  lcd.o(i.LCD_WR_REG)
    LCD_WriteRAM_Prepare                     0x08006861   Thumb Code    10  lcd.o(i.LCD_WriteRAM_Prepare)
    LCD_WriteReg                             0x08006875   Thumb Code    10  lcd.o(i.LCD_WriteReg)
    MemManage_Handler                        0x08006885   Thumb Code     4  stm32f10x_it.o(i.MemManage_Handler)
    Mode_Switch                              0x08006889   Thumb Code   130  function.o(i.Mode_Switch)
    Motor_Init                               0x08006921   Thumb Code    38  motor.o(i.Motor_Init)
    Motor_Read_Angle                         0x0800694d   Thumb Code    32  motor.o(i.Motor_Read_Angle)
    Motor_Read_Speed                         0x08006979   Thumb Code     6  motor.o(i.Motor_Read_Speed)
    Motor_Set_Angle                          0x08006985   Thumb Code    12  motor.o(i.Motor_Set_Angle)
    Motor_Set_Speed                          0x08006995   Thumb Code    30  motor.o(i.Motor_Set_Speed)
    Motor_dir                                0x080069b9   Thumb Code    44  motor.o(i.Motor_dir)
    NMI_Handler                              0x080069e9   Thumb Code     2  stm32f10x_it.o(i.NMI_Handler)
    NVIC_Init                                0x080069ed   Thumb Code   100  misc.o(i.NVIC_Init)
    NVIC_PriorityGroupConfig                 0x08006a5d   Thumb Code    10  misc.o(i.NVIC_PriorityGroupConfig)
    PID_Angle                                0x08006a71   Thumb Code   124  pid.o(i.PID_Angle)
    PID_init                                 0x08006af1   Thumb Code    78  pid.o(i.PID_init)
    PID_realize                              0x08006b4d   Thumb Code   124  pid.o(i.PID_realize)
    PendSV_Handler                           0x08006bcd   Thumb Code     2  stm32f10x_it.o(i.PendSV_Handler)
    Printf                                   0x08006bd1   Thumb Code   354  printf.o(i.Printf)
    RCC_AHBPeriphClockCmd                    0x08006d41   Thumb Code    26  stm32f10x_rcc.o(i.RCC_AHBPeriphClockCmd)
    RCC_APB1PeriphClockCmd                   0x08006d61   Thumb Code    26  stm32f10x_rcc.o(i.RCC_APB1PeriphClockCmd)
    RCC_APB2PeriphClockCmd                   0x08006d81   Thumb Code    26  stm32f10x_rcc.o(i.RCC_APB2PeriphClockCmd)
    RCC_GetClocksFreq                        0x08006da1   Thumb Code   192  stm32f10x_rcc.o(i.RCC_GetClocksFreq)
    SVC_Handler                              0x08006e75   Thumb Code     2  stm32f10x_it.o(i.SVC_Handler)
    Select_order                             0x08006e79   Thumb Code  3186  menu.o(i.Select_order)
    SkipLimit_function                       0x08007c75   Thumb Code    40  function.o(i.SkipLimit_function)
    SpeedLimi_function                       0x08007ca1   Thumb Code    32  function.o(i.SpeedLimi_function)
    SpeedWarning_function                    0x08007cc5   Thumb Code    88  function.o(i.SpeedWarning_function)
    SysTick_CLKSourceConfig                  0x08007d31   Thumb Code    40  misc.o(i.SysTick_CLKSourceConfig)
    SysTick_Handler                          0x08007d59   Thumb Code     2  stm32f10x_it.o(i.SysTick_Handler)
    SystemInit                               0x08007d5d   Thumb Code    78  system_stm32f10x.o(i.SystemInit)
    TIM3_PWM_Init                            0x08007ffd   Thumb Code   114  timer.o(i.TIM3_PWM_Init)
    TIM4_IRQHandler                          0x08008079   Thumb Code    84  timer.o(i.TIM4_IRQHandler)
    TIM4_PID_Init                            0x080080e1   Thumb Code    90  timer.o(i.TIM4_PID_Init)
    TIM5_Cap_Init                            0x08008141   Thumb Code   200  timer.o(i.TIM5_Cap_Init)
    TIM5_IRQHandler                          0x08008211   Thumb Code   196  timer.o(i.TIM5_IRQHandler)
    TIM_ClearITPendingBit                    0x080082ed   Thumb Code     6  stm32f10x_tim.o(i.TIM_ClearITPendingBit)
    TIM_Cmd                                  0x080082f3   Thumb Code    24  stm32f10x_tim.o(i.TIM_Cmd)
    TIM_GetCapture1                          0x0800830b   Thumb Code     6  stm32f10x_tim.o(i.TIM_GetCapture1)
    TIM_GetITStatus                          0x08008311   Thumb Code    34  stm32f10x_tim.o(i.TIM_GetITStatus)
    TIM_ICInit                               0x08008335   Thumb Code   150  stm32f10x_tim.o(i.TIM_ICInit)
    TIM_ITConfig                             0x080083e1   Thumb Code    18  stm32f10x_tim.o(i.TIM_ITConfig)
    TIM_OC1Init                              0x080083f5   Thumb Code   132  stm32f10x_tim.o(i.TIM_OC1Init)
    TIM_SetCompare1                          0x0800848d   Thumb Code     4  stm32f10x_tim.o(i.TIM_SetCompare1)
    TIM_SetCounter                           0x08008491   Thumb Code     4  stm32f10x_tim.o(i.TIM_SetCounter)
    TIM_SetIC1Prescaler                      0x08008495   Thumb Code    18  stm32f10x_tim.o(i.TIM_SetIC1Prescaler)
    TIM_SetIC2Prescaler                      0x080084a7   Thumb Code    26  stm32f10x_tim.o(i.TIM_SetIC2Prescaler)
    TIM_SetIC3Prescaler                      0x080084c1   Thumb Code    18  stm32f10x_tim.o(i.TIM_SetIC3Prescaler)
    TIM_SetIC4Prescaler                      0x080084d3   Thumb Code    26  stm32f10x_tim.o(i.TIM_SetIC4Prescaler)
    TIM_TimeBaseInit                         0x080084ed   Thumb Code   122  stm32f10x_tim.o(i.TIM_TimeBaseInit)
    UI_Working                               0x08008591   Thumb Code  1718  ui.o(i.UI_Working)
    USART1_IRQHandler                        0x08008c85   Thumb Code   108  usart.o(i.USART1_IRQHandler)
    USART_Cmd                                0x08008cfd   Thumb Code    24  stm32f10x_usart.o(i.USART_Cmd)
    USART_GetFlagStatus                      0x08008d15   Thumb Code    26  stm32f10x_usart.o(i.USART_GetFlagStatus)
    USART_GetITStatus                        0x08008d2f   Thumb Code    84  stm32f10x_usart.o(i.USART_GetITStatus)
    USART_ITConfig                           0x08008d83   Thumb Code    74  stm32f10x_usart.o(i.USART_ITConfig)
    USART_Init                               0x08008dcd   Thumb Code   210  stm32f10x_usart.o(i.USART_Init)
    USART_ReceiveData                        0x08008ea5   Thumb Code    10  stm32f10x_usart.o(i.USART_ReceiveData)
    USART_SendData                           0x08008eaf   Thumb Code     8  stm32f10x_usart.o(i.USART_SendData)
    UsageFault_Handler                       0x08008eb7   Thumb Code     4  stm32f10x_it.o(i.UsageFault_Handler)
    __ARM_fpclassify                         0x08008ebb   Thumb Code    40  fpclassify.o(i.__ARM_fpclassify)
    _sys_exit                                0x08008ee3   Thumb Code     4  usart.o(i._sys_exit)
    delay_init                               0x08008ee9   Thumb Code    50  delay.o(i.delay_init)
    delay_ms                                 0x08008f2d   Thumb Code    72  delay.o(i.delay_ms)
    delay_us                                 0x08008f79   Thumb Code    72  delay.o(i.delay_us)
    float_to_char                            0x08008fc5   Thumb Code   204  ui.o(i.float_to_char)
    fputc                                    0x080090ad   Thumb Code    24  usart.o(i.fputc)
    main                                     0x080090c9   Thumb Code   216  main.o(i.main)
    uart_init                                0x080091d1   Thumb Code   152  usart.o(i.uart_init)
    _get_lc_numeric                          0x08009271   Thumb Code    44  lc_numeric_c.o(locale$$code)
    __aeabi_d2f                              0x0800929d   Thumb Code     0  d2f.o(x$fpl$d2f)
    _d2f                                     0x0800929d   Thumb Code    98  d2f.o(x$fpl$d2f)
    __aeabi_dadd                             0x08009301   Thumb Code     0  daddsub_clz.o(x$fpl$dadd)
    _dadd                                    0x08009301   Thumb Code   332  daddsub_clz.o(x$fpl$dadd)
    __fpl_dcmp_Inf                           0x08009451   Thumb Code    24  dcmpi.o(x$fpl$dcmpinf)
    __aeabi_ddiv                             0x08009469   Thumb Code     0  ddiv.o(x$fpl$ddiv)
    _ddiv                                    0x08009469   Thumb Code   552  ddiv.o(x$fpl$ddiv)
    __aeabi_d2iz                             0x08009719   Thumb Code     0  dfix.o(x$fpl$dfix)
    _dfix                                    0x08009719   Thumb Code    94  dfix.o(x$fpl$dfix)
    __aeabi_d2uiz                            0x08009779   Thumb Code     0  dfixu.o(x$fpl$dfixu)
    _dfixu                                   0x08009779   Thumb Code    90  dfixu.o(x$fpl$dfixu)
    __aeabi_i2d                              0x080097d3   Thumb Code     0  dflt_clz.o(x$fpl$dflt)
    _dflt                                    0x080097d3   Thumb Code    46  dflt_clz.o(x$fpl$dflt)
    __aeabi_ui2d                             0x08009801   Thumb Code     0  dflt_clz.o(x$fpl$dfltu)
    _dfltu                                   0x08009801   Thumb Code    38  dflt_clz.o(x$fpl$dfltu)
    __aeabi_cdcmple                          0x08009829   Thumb Code     0  dleqf.o(x$fpl$dleqf)
    _dcmple                                  0x08009829   Thumb Code   120  dleqf.o(x$fpl$dleqf)
    __fpl_dcmple_InfNaN                      0x0800988b   Thumb Code     0  dleqf.o(x$fpl$dleqf)
    __aeabi_dmul                             0x080098a1   Thumb Code     0  dmul.o(x$fpl$dmul)
    _dmul                                    0x080098a1   Thumb Code   332  dmul.o(x$fpl$dmul)
    __fpl_dnaninf                            0x080099f5   Thumb Code   156  dnaninf.o(x$fpl$dnaninf)
    __fpl_dretinf                            0x08009a91   Thumb Code    12  dretinf.o(x$fpl$dretinf)
    __aeabi_cdrcmple                         0x08009a9d   Thumb Code     0  drleqf.o(x$fpl$drleqf)
    _drcmple                                 0x08009a9d   Thumb Code   108  drleqf.o(x$fpl$drleqf)
    __aeabi_drsub                            0x08009b09   Thumb Code     0  daddsub_clz.o(x$fpl$drsb)
    _drsb                                    0x08009b09   Thumb Code    22  daddsub_clz.o(x$fpl$drsb)
    __aeabi_dsub                             0x08009b21   Thumb Code     0  daddsub_clz.o(x$fpl$dsub)
    _dsub                                    0x08009b21   Thumb Code   464  daddsub_clz.o(x$fpl$dsub)
    __aeabi_f2d                              0x08009cf5   Thumb Code     0  f2d.o(x$fpl$f2d)
    _f2d                                     0x08009cf5   Thumb Code    86  f2d.o(x$fpl$f2d)
    __aeabi_fadd                             0x08009d4d   Thumb Code     0  faddsub_clz.o(x$fpl$fadd)
    _fadd                                    0x08009d4d   Thumb Code   196  faddsub_clz.o(x$fpl$fadd)
    __fpl_fcmp_Inf                           0x08009e11   Thumb Code    24  fcmpi.o(x$fpl$fcmpinf)
    __aeabi_f2iz                             0x08009e29   Thumb Code     0  ffix.o(x$fpl$ffix)
    _ffix                                    0x08009e29   Thumb Code    54  ffix.o(x$fpl$ffix)
    __aeabi_f2uiz                            0x08009e61   Thumb Code     0  ffixu.o(x$fpl$ffixu)
    _ffixu                                   0x08009e61   Thumb Code    62  ffixu.o(x$fpl$ffixu)
    __aeabi_i2f                              0x08009ea1   Thumb Code     0  fflt_clz.o(x$fpl$fflt)
    _fflt                                    0x08009ea1   Thumb Code    48  fflt_clz.o(x$fpl$fflt)
    __aeabi_ui2f                             0x08009ed1   Thumb Code     0  fflt_clz.o(x$fpl$ffltu)
    _ffltu                                   0x08009ed1   Thumb Code    38  fflt_clz.o(x$fpl$ffltu)
    __aeabi_cfcmple                          0x08009ef9   Thumb Code     0  fleqf.o(x$fpl$fleqf)
    _fcmple                                  0x08009ef9   Thumb Code   104  fleqf.o(x$fpl$fleqf)
    __fpl_fcmple_InfNaN                      0x08009f4b   Thumb Code     0  fleqf.o(x$fpl$fleqf)
    __aeabi_fmul                             0x08009f61   Thumb Code     0  fmul.o(x$fpl$fmul)
    _fmul                                    0x08009f61   Thumb Code   258  fmul.o(x$fpl$fmul)
    __fpl_fnaninf                            0x0800a063   Thumb Code   140  fnaninf.o(x$fpl$fnaninf)
    __fpl_fretinf                            0x0800a0ef   Thumb Code    10  fretinf.o(x$fpl$fretinf)
    __aeabi_cfrcmple                         0x0800a0f9   Thumb Code     0  frleqf.o(x$fpl$frleqf)
    _frcmple                                 0x0800a0f9   Thumb Code    98  frleqf.o(x$fpl$frleqf)
    __aeabi_frsub                            0x0800a15b   Thumb Code     0  faddsub_clz.o(x$fpl$frsb)
    _frsb                                    0x0800a15b   Thumb Code    20  faddsub_clz.o(x$fpl$frsb)
    __aeabi_fsub                             0x0800a171   Thumb Code     0  faddsub_clz.o(x$fpl$fsub)
    _fsub                                    0x0800a171   Thumb Code   234  faddsub_clz.o(x$fpl$fsub)
    _printf_fp_dec                           0x0800a25b   Thumb Code     4  printf1.o(x$fpl$printf1)
    __I$use$fp                               0x0800a25e   Number         0  usenofp.o(x$fpl$usenofp)
    asc2_1206                                0x0800a25e   Data        1140  lcd.o(.constdata)
    asc2_1608                                0x0800a6d2   Data        1520  lcd.o(.constdata)
    asc2_2412                                0x0800acc2   Data        3420  lcd.o(.constdata)
    Region$$Table$$Base                      0x0800badc   Number         0  anon$$obj.o(Region$$Table)
    Region$$Table$$Limit                     0x0800bafc   Number         0  anon$$obj.o(Region$$Table)
    Dir_rand                                 0x20000000   Data           1  main.o(.data)
    Mode                                     0x20000001   Data           1  main.o(.data)
    key                                      0x20000002   Data           1  main.o(.data)
    skap                                     0x20000004   Data           4  main.o(.data)
    setspeed                                 0x20000008   Data           4  main.o(.data)
    setangle                                 0x2000000c   Data           4  main.o(.data)
    setangle_buff                            0x20000010   Data           4  main.o(.data)
    kp                                       0x20000014   Data           4  main.o(.data)
    ki                                       0x20000018   Data           4  main.o(.data)
    kd                                       0x2000001c   Data           4  main.o(.data)
    mp                                       0x20000020   Data           4  main.o(.data)
    EP_FLAG                                  0x20000024   Data           1  main.o(.data)
    SystemCoreClock                          0x20000028   Data           4  system_stm32f10x.o(.data)
    AHBPrescTable                            0x2000002c   Data          16  system_stm32f10x.o(.data)
    Speed                                    0x2000003c   Data           4  timer.o(.data)
    TIM_Full                                 0x20000040   Data           2  timer.o(.data)
    Time                                     0x20000042   Data           2  timer.o(.data)
    angle                                    0x20000044   Data           2  timer.o(.data)
    POINT_COLOR                              0x20000046   Data           2  lcd.o(.data)
    BACK_COLOR                               0x20000048   Data           2  lcd.o(.data)
    __stdout                                 0x20000050   Data           4  usart.o(.data)
    USART_RX_STA                             0x20000054   Data           2  usart.o(.data)
    x                                        0x20000058   Data           4  ui.o(.data)
    y                                        0x2000005c   Data           4  ui.o(.data)
    last_x                                   0x20000060   Data           4  ui.o(.data)
    last_y                                   0x20000064   Data           4  ui.o(.data)
    last_ay                                  0x20000068   Data           4  ui.o(.data)
    last_sety                                0x2000006c   Data           4  ui.o(.data)
    kp0                                      0x20000070   Data           8  ui.o(.data)
    ki0                                      0x20000078   Data           8  ui.o(.data)
    kd0                                      0x20000080   Data           8  ui.o(.data)
    mp0                                      0x20000088   Data           8  ui.o(.data)
    angle_y                                  0x20000090   Data           4  ui.o(.data)
    pid                                      0x200000a8   Data          36  pid.o(.bss)
    lcddev                                   0x200000cc   Data          14  lcd.o(.bss)
    USART_RX_BUF                             0x200000da   Data         200  usart.o(.bss)
    __libspace_start                         0x200001a4   Data          96  libspace.o(.bss)
    __temporary_stack_top$libspace           0x20000204   Data           0  libspace.o(.bss)



==============================================================================

Memory Map of the image

  Image Entry point : 0x08000131

  Load Region LR_IROM1 (Base: 0x08000000, Size: 0x0000bbc0, Max: 0x00080000, ABSOLUTE)

    Execution Region ER_IROM1 (Base: 0x08000000, Size: 0x0000bb18, Max: 0x00080000, ABSOLUTE)

    Base Addr    Size         Type   Attr      Idx    E Section Name        Object

    0x08000000   0x00000130   Data   RO          946    RESET               startup_stm32f10x_hd.o
    0x08000130   0x00000008   Code   RO         3981  * !!!main             c_w.l(__main.o)
    0x08000138   0x00000034   Code   RO         4270    !!!scatter          c_w.l(__scatter.o)
    0x0800016c   0x0000001a   Code   RO         4272    !!handler_copy      c_w.l(__scatter_copy.o)
    0x08000186   0x00000002   PAD
    0x08000188   0x0000001c   Code   RO         4274    !!handler_zi        c_w.l(__scatter_zi.o)
    0x080001a4   0x00000000   Code   RO         3978    .ARM.Collect$$_printf_percent$$00000000  c_w.l(_printf_percent.o)
    0x080001a4   0x00000006   Code   RO         3977    .ARM.Collect$$_printf_percent$$00000003  c_w.l(_printf_f.o)
    0x080001aa   0x00000006   Code   RO         3976    .ARM.Collect$$_printf_percent$$00000009  c_w.l(_printf_d.o)
    0x080001b0   0x00000006   Code   RO         3975    .ARM.Collect$$_printf_percent$$0000000C  c_w.l(_printf_x.o)
    0x080001b6   0x00000004   Code   RO         4056    .ARM.Collect$$_printf_percent$$00000017  c_w.l(_printf_percent_end.o)
    0x080001ba   0x00000002   Code   RO         4148    .ARM.Collect$$libinit$$00000000  c_w.l(libinit.o)
    0x080001bc   0x00000000   Code   RO         4150    .ARM.Collect$$libinit$$00000002  c_w.l(libinit2.o)
    0x080001bc   0x00000000   Code   RO         4152    .ARM.Collect$$libinit$$00000004  c_w.l(libinit2.o)
    0x080001bc   0x00000000   Code   RO         4155    .ARM.Collect$$libinit$$0000000A  c_w.l(libinit2.o)
    0x080001bc   0x00000000   Code   RO         4157    .ARM.Collect$$libinit$$0000000C  c_w.l(libinit2.o)
    0x080001bc   0x00000000   Code   RO         4159    .ARM.Collect$$libinit$$0000000E  c_w.l(libinit2.o)
    0x080001bc   0x00000006   Code   RO         4160    .ARM.Collect$$libinit$$0000000F  c_w.l(libinit2.o)
    0x080001c2   0x00000000   Code   RO         4162    .ARM.Collect$$libinit$$00000011  c_w.l(libinit2.o)
    0x080001c2   0x00000000   Code   RO         4164    .ARM.Collect$$libinit$$00000013  c_w.l(libinit2.o)
    0x080001c2   0x00000000   Code   RO         4166    .ARM.Collect$$libinit$$00000015  c_w.l(libinit2.o)
    0x080001c2   0x0000000a   Code   RO         4167    .ARM.Collect$$libinit$$00000016  c_w.l(libinit2.o)
    0x080001cc   0x00000000   Code   RO         4168    .ARM.Collect$$libinit$$00000017  c_w.l(libinit2.o)
    0x080001cc   0x00000000   Code   RO         4170    .ARM.Collect$$libinit$$00000019  c_w.l(libinit2.o)
    0x080001cc   0x00000000   Code   RO         4172    .ARM.Collect$$libinit$$0000001B  c_w.l(libinit2.o)
    0x080001cc   0x00000000   Code   RO         4174    .ARM.Collect$$libinit$$0000001D  c_w.l(libinit2.o)
    0x080001cc   0x00000000   Code   RO         4176    .ARM.Collect$$libinit$$0000001F  c_w.l(libinit2.o)
    0x080001cc   0x00000000   Code   RO         4178    .ARM.Collect$$libinit$$00000021  c_w.l(libinit2.o)
    0x080001cc   0x00000000   Code   RO         4180    .ARM.Collect$$libinit$$00000023  c_w.l(libinit2.o)
    0x080001cc   0x00000000   Code   RO         4182    .ARM.Collect$$libinit$$00000025  c_w.l(libinit2.o)
    0x080001cc   0x00000000   Code   RO         4186    .ARM.Collect$$libinit$$0000002C  c_w.l(libinit2.o)
    0x080001cc   0x00000000   Code   RO         4188    .ARM.Collect$$libinit$$0000002E  c_w.l(libinit2.o)
    0x080001cc   0x00000000   Code   RO         4190    .ARM.Collect$$libinit$$00000030  c_w.l(libinit2.o)
    0x080001cc   0x00000000   Code   RO         4192    .ARM.Collect$$libinit$$00000032  c_w.l(libinit2.o)
    0x080001cc   0x00000002   Code   RO         4193    .ARM.Collect$$libinit$$00000033  c_w.l(libinit2.o)
    0x080001ce   0x00000002   Code   RO         4221    .ARM.Collect$$libshutdown$$00000000  c_w.l(libshutdown.o)
    0x080001d0   0x00000000   Code   RO         4231    .ARM.Collect$$libshutdown$$00000003  c_w.l(libshutdown2.o)
    0x080001d0   0x00000000   Code   RO         4234    .ARM.Collect$$libshutdown$$00000006  c_w.l(libshutdown2.o)
    0x080001d0   0x00000000   Code   RO         4237    .ARM.Collect$$libshutdown$$00000009  c_w.l(libshutdown2.o)
    0x080001d0   0x00000000   Code   RO         4239    .ARM.Collect$$libshutdown$$0000000B  c_w.l(libshutdown2.o)
    0x080001d0   0x00000000   Code   RO         4242    .ARM.Collect$$libshutdown$$0000000E  c_w.l(libshutdown2.o)
    0x080001d0   0x00000002   Code   RO         4243    .ARM.Collect$$libshutdown$$0000000F  c_w.l(libshutdown2.o)
    0x080001d2   0x00000000   Code   RO         4045    .ARM.Collect$$rtentry$$00000000  c_w.l(__rtentry.o)
    0x080001d2   0x00000000   Code   RO         4071    .ARM.Collect$$rtentry$$00000002  c_w.l(__rtentry2.o)
    0x080001d2   0x00000006   Code   RO         4083    .ARM.Collect$$rtentry$$00000004  c_w.l(__rtentry4.o)
    0x080001d8   0x00000000   Code   RO         4073    .ARM.Collect$$rtentry$$00000009  c_w.l(__rtentry2.o)
    0x080001d8   0x00000004   Code   RO         4074    .ARM.Collect$$rtentry$$0000000A  c_w.l(__rtentry2.o)
    0x080001dc   0x00000000   Code   RO         4076    .ARM.Collect$$rtentry$$0000000C  c_w.l(__rtentry2.o)
    0x080001dc   0x00000008   Code   RO         4077    .ARM.Collect$$rtentry$$0000000D  c_w.l(__rtentry2.o)
    0x080001e4   0x00000002   Code   RO         4194    .ARM.Collect$$rtexit$$00000000  c_w.l(rtexit.o)
    0x080001e6   0x00000000   Code   RO         4201    .ARM.Collect$$rtexit$$00000002  c_w.l(rtexit2.o)
    0x080001e6   0x00000004   Code   RO         4202    .ARM.Collect$$rtexit$$00000003  c_w.l(rtexit2.o)
    0x080001ea   0x00000006   Code   RO         4203    .ARM.Collect$$rtexit$$00000004  c_w.l(rtexit2.o)
    0x080001f0   0x00000040   Code   RO          947    .text               startup_stm32f10x_hd.o
    0x08000230   0x00000002   Code   RO         3920    .text               c_w.l(use_no_semi_2.o)
    0x08000232   0x00000002   PAD
    0x08000234   0x00000018   Code   RO         3926    .text               c_w.l(noretval__2printf.o)
    0x0800024c   0x00000028   Code   RO         3928    .text               c_w.l(noretval__2sprintf.o)
    0x08000274   0x00000068   Code   RO         3930    .text               c_w.l(__printf.o)
    0x080002dc   0x00000078   Code   RO         3932    .text               c_w.l(_printf_dec.o)
    0x08000354   0x00000058   Code   RO         3937    .text               c_w.l(_printf_hex_int.o)
    0x080003ac   0x00000006   Code   RO         3979    .text               c_w.l(heapauxi.o)
    0x080003b2   0x00000002   Code   RO         4043    .text               c_w.l(use_no_semi.o)
    0x080003b4   0x000000b2   Code   RO         4046    .text               c_w.l(_printf_intcommon.o)
    0x08000466   0x0000041a   Code   RO         4048    .text               c_w.l(_printf_fp_dec.o)
    0x08000880   0x00000030   Code   RO         4050    .text               c_w.l(_printf_char_common.o)
    0x080008b0   0x0000000a   Code   RO         4052    .text               c_w.l(_sputc.o)
    0x080008ba   0x00000002   PAD
    0x080008bc   0x00000024   Code   RO         4054    .text               c_w.l(_printf_char_file.o)
    0x080008e0   0x00000008   Code   RO         4088    .text               c_w.l(rt_locale_intlibspace.o)
    0x080008e8   0x0000008a   Code   RO         4090    .text               c_w.l(lludiv10.o)
    0x08000972   0x00000002   PAD
    0x08000974   0x00000080   Code   RO         4092    .text               c_w.l(_printf_fp_infnan.o)
    0x080009f4   0x000000dc   Code   RO         4096    .text               c_w.l(bigflt0.o)
    0x08000ad0   0x00000008   Code   RO         4121    .text               c_w.l(ferror.o)
    0x08000ad8   0x00000008   Code   RO         4134    .text               c_w.l(libspace.o)
    0x08000ae0   0x0000004a   Code   RO         4137    .text               c_w.l(sys_stackheap_outer.o)
    0x08000b2a   0x0000000c   Code   RO         4139    .text               c_w.l(exit.o)
    0x08000b36   0x00000002   PAD
    0x08000b38   0x00000080   Code   RO         4141    .text               c_w.l(strcmpv7m.o)
    0x08000bb8   0x0000003e   Code   RO         4099    CL$$btod_d2e        c_w.l(btod.o)
    0x08000bf6   0x00000046   Code   RO         4101    CL$$btod_d2e_denorm_low  c_w.l(btod.o)
    0x08000c3c   0x00000060   Code   RO         4100    CL$$btod_d2e_norm_op1  c_w.l(btod.o)
    0x08000c9c   0x00000338   Code   RO         4109    CL$$btod_div_common  c_w.l(btod.o)
    0x08000fd4   0x000000c6   Code   RO         4106    CL$$btod_e2e        c_w.l(btod.o)
    0x0800109a   0x00000028   Code   RO         4103    CL$$btod_ediv       c_w.l(btod.o)
    0x080010c2   0x00000028   Code   RO         4102    CL$$btod_emul       c_w.l(btod.o)
    0x080010ea   0x00000244   Code   RO         4108    CL$$btod_mult_common  c_w.l(btod.o)
    0x0800132e   0x00000002   PAD
    0x08001330   0x00000094   Code   RO          885    i.Apply             function.o
    0x080013c4   0x00000038   Code   RO          410    i.BEEP_Init         beep.o
    0x080013fc   0x00000004   Code   RO          155    i.BusFault_Handler  stm32f10x_it.o
    0x08001400   0x0000000e   Code   RO          840    i.Char_to_int       menu.o
    0x0800140e   0x00000002   Code   RO          156    i.DebugMon_Handler  stm32f10x_it.o
    0x08001410   0x00000008   Code   RO          689    i.EEPROM_Init       eeprom.o
    0x08001418   0x00000058   Code   RO          690    i.EEPROM_Read       eeprom.o
    0x08001470   0x00000138   Code   RO          691    i.EEPROM_ReadFloat  eeprom.o
    0x080015a8   0x00000050   Code   RO          692    i.EEPROM_Write      eeprom.o
    0x080015f8   0x00000118   Code   RO          693    i.EEPROM_WriteFloat  eeprom.o
    0x08001710   0x00000034   Code   RO         1987    i.FSMC_NORSRAMCmd   stm32f10x_fsmc.o
    0x08001744   0x000000e6   Code   RO         1989    i.FSMC_NORSRAMInit  stm32f10x_fsmc.o
    0x0800182a   0x00000116   Code   RO         2102    i.GPIO_Init         stm32f10x_gpio.o
    0x08001940   0x00000004   Code   RO         2109    i.GPIO_ResetBits    stm32f10x_gpio.o
    0x08001944   0x00000004   Code   RO         2110    i.GPIO_SetBits      stm32f10x_gpio.o
    0x08001948   0x00000158   Code   RO          252    i.GetKey            key.o
    0x08001aa0   0x00000004   Code   RO          157    i.HardFault_Handler  stm32f10x_it.o
    0x08001aa4   0x00000050   Code   RO          632    i.IIC_Ack           myiic.o
    0x08001af4   0x00000034   Code   RO          633    i.IIC_Init          myiic.o
    0x08001b28   0x00000050   Code   RO          634    i.IIC_NAck          myiic.o
    0x08001b78   0x00000070   Code   RO          635    i.IIC_Read_Byte     myiic.o
    0x08001be8   0x00000068   Code   RO          636    i.IIC_Send_Byte     myiic.o
    0x08001c50   0x0000004c   Code   RO          637    i.IIC_Start         myiic.o
    0x08001c9c   0x0000004c   Code   RO          638    i.IIC_Stop          myiic.o
    0x08001ce8   0x00000064   Code   RO          639    i.IIC_Wait_Ack      myiic.o
    0x08001d4c   0x00000108   Code   RO          886    i.InitializeByEEPROM_function  function.o
    0x08001e54   0x00000040   Code   RO          253    i.KEY_Init          key.o
    0x08001e94   0x000004c8   Code   RO          887    i.Key_function      function.o
    0x0800235c   0x0000006c   Code   RO          423    i.LCD_Clear         lcd.o
    0x080023c8   0x000001c0   Code   RO          427    i.LCD_Display_Dir   lcd.o
    0x08002588   0x000000b0   Code   RO          428    i.LCD_DrawLine      lcd.o
    0x08002638   0x00000024   Code   RO          429    i.LCD_DrawPoint     lcd.o
    0x0800265c   0x0000003c   Code   RO          430    i.LCD_DrawRectangle  lcd.o
    0x08002698   0x0000017c   Code   RO          432    i.LCD_Fast_DrawPoint  lcd.o
    0x08002814   0x000000bc   Code   RO          433    i.LCD_Fill          lcd.o
    0x080028d0   0x0000376c   Code   RO          434    i.LCD_Init          lcd.o
    0x0800603c   0x00000016   Code   RO          435    i.LCD_Pow           lcd.o
    0x08006052   0x00000002   PAD
    0x08006054   0x00000014   Code   RO          436    i.LCD_RD_DATA       lcd.o
    0x08006068   0x00000016   Code   RO          438    i.LCD_ReadReg       lcd.o
    0x0800607e   0x00000002   PAD
    0x08006080   0x00000054   Code   RO          439    i.LCD_SSD_BackLightSet  lcd.o
    0x080060d4   0x000002ec   Code   RO          440    i.LCD_Scan_Dir      lcd.o
    0x080063c0   0x000001a8   Code   RO          441    i.LCD_SetCursor     lcd.o
    0x08006568   0x00000128   Code   RO          443    i.LCD_ShowChar      lcd.o
    0x08006690   0x00000094   Code   RO          444    i.LCD_ShowNum       lcd.o
    0x08006724   0x00000066   Code   RO          445    i.LCD_ShowString    lcd.o
    0x0800678a   0x000000be   Code   RO          446    i.LCD_ShowxNum      lcd.o
    0x08006848   0x0000000c   Code   RO          447    i.LCD_WR_DATA       lcd.o
    0x08006854   0x0000000c   Code   RO          448    i.LCD_WR_REG        lcd.o
    0x08006860   0x00000014   Code   RO          450    i.LCD_WriteRAM_Prepare  lcd.o
    0x08006874   0x00000010   Code   RO          451    i.LCD_WriteReg      lcd.o
    0x08006884   0x00000004   Code   RO          158    i.MemManage_Handler  stm32f10x_it.o
    0x08006888   0x00000098   Code   RO          888    i.Mode_Switch       function.o
    0x08006920   0x0000002c   Code   RO          340    i.Motor_Init        motor.o
    0x0800694c   0x0000002c   Code   RO          341    i.Motor_Read_Angle  motor.o
    0x08006978   0x0000000c   Code   RO          342    i.Motor_Read_Speed  motor.o
    0x08006984   0x00000010   Code   RO          343    i.Motor_Set_Angle   motor.o
    0x08006994   0x00000024   Code   RO          344    i.Motor_Set_Speed   motor.o
    0x080069b8   0x00000030   Code   RO          345    i.Motor_dir         motor.o
    0x080069e8   0x00000002   Code   RO          159    i.NMI_Handler       stm32f10x_it.o
    0x080069ea   0x00000002   PAD
    0x080069ec   0x00000070   Code   RO          951    i.NVIC_Init         misc.o
    0x08006a5c   0x00000014   Code   RO          952    i.NVIC_PriorityGroupConfig  misc.o
    0x08006a70   0x00000080   Code   RO          383    i.PID_Angle         pid.o
    0x08006af0   0x0000005c   Code   RO          384    i.PID_init          pid.o
    0x08006b4c   0x00000080   Code   RO          385    i.PID_realize       pid.o
    0x08006bcc   0x00000002   Code   RO          160    i.PendSV_Handler    stm32f10x_it.o
    0x08006bce   0x00000002   PAD
    0x08006bd0   0x00000170   Code   RO          821    i.Printf            printf.o
    0x08006d40   0x00000020   Code   RO         2517    i.RCC_AHBPeriphClockCmd  stm32f10x_rcc.o
    0x08006d60   0x00000020   Code   RO         2518    i.RCC_APB1PeriphClockCmd  stm32f10x_rcc.o
    0x08006d80   0x00000020   Code   RO         2520    i.RCC_APB2PeriphClockCmd  stm32f10x_rcc.o
    0x08006da0   0x000000d4   Code   RO         2528    i.RCC_GetClocksFreq  stm32f10x_rcc.o
    0x08006e74   0x00000002   Code   RO          161    i.SVC_Handler       stm32f10x_it.o
    0x08006e76   0x00000002   PAD
    0x08006e78   0x00000d14   Code   RO          841    i.Select_order      menu.o
    0x08007b8c   0x00000008   Code   RO          218    i.SetSysClock       system_stm32f10x.o
    0x08007b94   0x000000e0   Code   RO          219    i.SetSysClockTo72   system_stm32f10x.o
    0x08007c74   0x0000002c   Code   RO          889    i.SkipLimit_function  function.o
    0x08007ca0   0x00000024   Code   RO          890    i.SpeedLimi_function  function.o
    0x08007cc4   0x0000006c   Code   RO          891    i.SpeedWarning_function  function.o
    0x08007d30   0x00000028   Code   RO          955    i.SysTick_CLKSourceConfig  misc.o
    0x08007d58   0x00000002   Code   RO          162    i.SysTick_Handler   stm32f10x_it.o
    0x08007d5a   0x00000002   PAD
    0x08007d5c   0x00000060   Code   RO          221    i.SystemInit        system_stm32f10x.o
    0x08007dbc   0x00000080   Code   RO         3136    i.TI1_Config        stm32f10x_tim.o
    0x08007e3c   0x00000098   Code   RO         3137    i.TI2_Config        stm32f10x_tim.o
    0x08007ed4   0x00000090   Code   RO         3138    i.TI3_Config        stm32f10x_tim.o
    0x08007f64   0x00000098   Code   RO         3139    i.TI4_Config        stm32f10x_tim.o
    0x08007ffc   0x0000007c   Code   RO          296    i.TIM3_PWM_Init     timer.o
    0x08008078   0x00000068   Code   RO          297    i.TIM4_IRQHandler   timer.o
    0x080080e0   0x00000060   Code   RO          298    i.TIM4_PID_Init     timer.o
    0x08008140   0x000000d0   Code   RO          299    i.TIM5_Cap_Init     timer.o
    0x08008210   0x000000dc   Code   RO          300    i.TIM5_IRQHandler   timer.o
    0x080082ec   0x00000006   Code   RO         3147    i.TIM_ClearITPendingBit  stm32f10x_tim.o
    0x080082f2   0x00000018   Code   RO         3152    i.TIM_Cmd           stm32f10x_tim.o
    0x0800830a   0x00000006   Code   RO         3167    i.TIM_GetCapture1   stm32f10x_tim.o
    0x08008310   0x00000022   Code   RO         3173    i.TIM_GetITStatus   stm32f10x_tim.o
    0x08008332   0x00000002   PAD
    0x08008334   0x000000ac   Code   RO         3175    i.TIM_ICInit        stm32f10x_tim.o
    0x080083e0   0x00000012   Code   RO         3177    i.TIM_ITConfig      stm32f10x_tim.o
    0x080083f2   0x00000002   PAD
    0x080083f4   0x00000098   Code   RO         3181    i.TIM_OC1Init       stm32f10x_tim.o
    0x0800848c   0x00000004   Code   RO         3213    i.TIM_SetCompare1   stm32f10x_tim.o
    0x08008490   0x00000004   Code   RO         3217    i.TIM_SetCounter    stm32f10x_tim.o
    0x08008494   0x00000012   Code   RO         3218    i.TIM_SetIC1Prescaler  stm32f10x_tim.o
    0x080084a6   0x0000001a   Code   RO         3219    i.TIM_SetIC2Prescaler  stm32f10x_tim.o
    0x080084c0   0x00000012   Code   RO         3220    i.TIM_SetIC3Prescaler  stm32f10x_tim.o
    0x080084d2   0x0000001a   Code   RO         3221    i.TIM_SetIC4Prescaler  stm32f10x_tim.o
    0x080084ec   0x000000a4   Code   RO         3223    i.TIM_TimeBaseInit  stm32f10x_tim.o
    0x08008590   0x000006f4   Code   RO          859    i.UI_Working        ui.o
    0x08008c84   0x00000078   Code   RO          780    i.USART1_IRQHandler  usart.o
    0x08008cfc   0x00000018   Code   RO         3688    i.USART_Cmd         stm32f10x_usart.o
    0x08008d14   0x0000001a   Code   RO         3691    i.USART_GetFlagStatus  stm32f10x_usart.o
    0x08008d2e   0x00000054   Code   RO         3692    i.USART_GetITStatus  stm32f10x_usart.o
    0x08008d82   0x0000004a   Code   RO         3694    i.USART_ITConfig    stm32f10x_usart.o
    0x08008dcc   0x000000d8   Code   RO         3695    i.USART_Init        stm32f10x_usart.o
    0x08008ea4   0x0000000a   Code   RO         3702    i.USART_ReceiveData  stm32f10x_usart.o
    0x08008eae   0x00000008   Code   RO         3705    i.USART_SendData    stm32f10x_usart.o
    0x08008eb6   0x00000004   Code   RO          163    i.UsageFault_Handler  stm32f10x_it.o
    0x08008eba   0x00000028   Code   RO         4132    i.__ARM_fpclassify  m_ws.l(fpclassify.o)
    0x08008ee2   0x00000004   Code   RO          781    i._sys_exit         usart.o
    0x08008ee6   0x00000002   PAD
    0x08008ee8   0x00000044   Code   RO          725    i.delay_init        delay.o
    0x08008f2c   0x0000004c   Code   RO          726    i.delay_ms          delay.o
    0x08008f78   0x0000004c   Code   RO          727    i.delay_us          delay.o
    0x08008fc4   0x000000e8   Code   RO          860    i.float_to_char     ui.o
    0x080090ac   0x0000001c   Code   RO          782    i.fputc             usart.o
    0x080090c8   0x00000108   Code   RO            1    i.main              main.o
    0x080091d0   0x000000a0   Code   RO          783    i.uart_init         usart.o
    0x08009270   0x0000002c   Code   RO         4126    locale$$code        c_w.l(lc_numeric_c.o)
    0x0800929c   0x00000062   Code   RO         3983    x$fpl$d2f           fz_ws.l(d2f.o)
    0x080092fe   0x00000002   PAD
    0x08009300   0x00000150   Code   RO         3985    x$fpl$dadd          fz_ws.l(daddsub_clz.o)
    0x08009450   0x00000018   Code   RO         4128    x$fpl$dcmpinf       fz_ws.l(dcmpi.o)
    0x08009468   0x000002b0   Code   RO         3992    x$fpl$ddiv          fz_ws.l(ddiv.o)
    0x08009718   0x0000005e   Code   RO         3995    x$fpl$dfix          fz_ws.l(dfix.o)
    0x08009776   0x00000002   PAD
    0x08009778   0x0000005a   Code   RO         3999    x$fpl$dfixu         fz_ws.l(dfixu.o)
    0x080097d2   0x0000002e   Code   RO         4004    x$fpl$dflt          fz_ws.l(dflt_clz.o)
    0x08009800   0x00000026   Code   RO         4003    x$fpl$dfltu         fz_ws.l(dflt_clz.o)
    0x08009826   0x00000002   PAD
    0x08009828   0x00000078   Code   RO         4057    x$fpl$dleqf         fz_ws.l(dleqf.o)
    0x080098a0   0x00000154   Code   RO         4009    x$fpl$dmul          fz_ws.l(dmul.o)
    0x080099f4   0x0000009c   Code   RO         4059    x$fpl$dnaninf       fz_ws.l(dnaninf.o)
    0x08009a90   0x0000000c   Code   RO         4061    x$fpl$dretinf       fz_ws.l(dretinf.o)
    0x08009a9c   0x0000006c   Code   RO         4011    x$fpl$drleqf        fz_ws.l(drleqf.o)
    0x08009b08   0x00000016   Code   RO         3986    x$fpl$drsb          fz_ws.l(daddsub_clz.o)
    0x08009b1e   0x00000002   PAD
    0x08009b20   0x000001d4   Code   RO         3987    x$fpl$dsub          fz_ws.l(daddsub_clz.o)
    0x08009cf4   0x00000056   Code   RO         4013    x$fpl$f2d           fz_ws.l(f2d.o)
    0x08009d4a   0x00000002   PAD
    0x08009d4c   0x000000c4   Code   RO         4015    x$fpl$fadd          fz_ws.l(faddsub_clz.o)
    0x08009e10   0x00000018   Code   RO         4063    x$fpl$fcmpinf       fz_ws.l(fcmpi.o)
    0x08009e28   0x00000036   Code   RO         4021    x$fpl$ffix          fz_ws.l(ffix.o)
    0x08009e5e   0x00000002   PAD
    0x08009e60   0x0000003e   Code   RO         4025    x$fpl$ffixu         fz_ws.l(ffixu.o)
    0x08009e9e   0x00000002   PAD
    0x08009ea0   0x00000030   Code   RO         4030    x$fpl$fflt          fz_ws.l(fflt_clz.o)
    0x08009ed0   0x00000026   Code   RO         4029    x$fpl$ffltu         fz_ws.l(fflt_clz.o)
    0x08009ef6   0x00000002   PAD
    0x08009ef8   0x00000068   Code   RO         4035    x$fpl$fleqf         fz_ws.l(fleqf.o)
    0x08009f60   0x00000102   Code   RO         4037    x$fpl$fmul          fz_ws.l(fmul.o)
    0x0800a062   0x0000008c   Code   RO         4065    x$fpl$fnaninf       fz_ws.l(fnaninf.o)
    0x0800a0ee   0x0000000a   Code   RO         4067    x$fpl$fretinf       fz_ws.l(fretinf.o)
    0x0800a0f8   0x00000062   Code   RO         4039    x$fpl$frleqf        fz_ws.l(frleqf.o)
    0x0800a15a   0x00000014   Code   RO         4016    x$fpl$frsb          fz_ws.l(faddsub_clz.o)
    0x0800a16e   0x00000002   PAD
    0x0800a170   0x000000ea   Code   RO         4017    x$fpl$fsub          fz_ws.l(faddsub_clz.o)
    0x0800a25a   0x00000004   Code   RO         4041    x$fpl$printf1       fz_ws.l(printf1.o)
    0x0800a25e   0x00000000   Code   RO         4069    x$fpl$usenofp       fz_ws.l(usenofp.o)
    0x0800a25e   0x000017c0   Data   RO          454    .constdata          lcd.o
    0x0800ba1e   0x00000028   Data   RO         3938    .constdata          c_w.l(_printf_hex_int.o)
    0x0800ba46   0x00000002   PAD
    0x0800ba48   0x00000094   Data   RO         4097    .constdata          c_w.l(bigflt0.o)
    0x0800badc   0x00000020   Data   RO         4268    Region$$Table       anon$$obj.o
    0x0800bafc   0x0000001c   Data   RO         4125    locale$$data        c_w.l(lc_numeric_c.o)


    Execution Region RW_IRAM1 (Base: 0x20000000, Size: 0x00000808, Max: 0x00010000, ABSOLUTE)

    Base Addr    Size         Type   Attr      Idx    E Section Name        Object

    0x20000000   0x00000025   Data   RW            2    .data               main.o
    0x20000025   0x00000003   PAD
    0x20000028   0x00000014   Data   RW          222    .data               system_stm32f10x.o
    0x2000003c   0x0000000a   Data   RW          301    .data               timer.o
    0x20000046   0x00000004   Data   RW          455    .data               lcd.o
    0x2000004a   0x00000004   Data   RW          728    .data               delay.o
    0x2000004e   0x00000002   PAD
    0x20000050   0x00000006   Data   RW          785    .data               usart.o
    0x20000056   0x00000002   PAD
    0x20000058   0x0000003c   Data   RW          861    .data               ui.o
    0x20000094   0x00000014   Data   RW         2548    .data               stm32f10x_rcc.o
    0x200000a8   0x00000024   Zero   RW          386    .bss                pid.o
    0x200000cc   0x0000000e   Zero   RW          453    .bss                lcd.o
    0x200000da   0x000000c8   Zero   RW          784    .bss                usart.o
    0x200001a2   0x00000002   PAD
    0x200001a4   0x00000060   Zero   RW         4135    .bss                c_w.l(libspace.o)
    0x20000204   0x00000004   PAD
    0x20000208   0x00000200   Zero   RW          945    HEAP                startup_stm32f10x_hd.o
    0x20000408   0x00000400   Zero   RW          944    STACK               startup_stm32f10x_hd.o


==============================================================================

Image component sizes


      Code (inc. data)   RO Data    RW Data    ZI Data      Debug   Object Name

        56          6          0          0          0        452   beep.o
       220         26          0          4          0       1539   delay.o
       768         72          0          0          0       2758   eeprom.o
      1976        200          0          0          0       4089   function.o
       408         14          0          0          0     205976   key.o
     17700        200       6080          4         14      24324   lcd.o
       264         48          0         37          0     259824   main.o
      3362        790          0          0          0       1965   menu.o
       172         22          0          0          0       1901   misc.o
       200         38          0          0          0       2779   motor.o
       680        102          0          0          0       3890   myiic.o
       348         22          0          0         36       2315   pid.o
       368         14          0          0          0       1417   printf.o
        64         26        304          0       1536        768   startup_stm32f10x_hd.o
       282          6          0          0          0       1697   stm32f10x_fsmc.o
       286          0          0          0          0       2868   stm32f10x_gpio.o
        26          0          0          0          0       3366   stm32f10x_it.o
       308         38          0         20          0       4774   stm32f10x_rcc.o
      1248        170          0          0          0      10986   stm32f10x_tim.o
       442          6          0          0          0       5797   stm32f10x_usart.o
         0          0          0          0          0         32   sys.o
       328         28          0         20          0       1897   system_stm32f10x.o
       752         68          0         10          0       3320   timer.o
      2012        254          0         60          0       2383   ui.o
       312         24          0          6        200       3924   usart.o

    ----------------------------------------------------------------------
     32600       2174       6416        168       1788     555041   Object Totals
         0          0         32          0          0          0   (incl. Generated)
        18          0          0          7          2          0   (incl. Padding)

    ----------------------------------------------------------------------

      Code (inc. data)   RO Data    RW Data    ZI Data      Debug   Library Member Name

         8          0          0          0          0         68   __main.o
       104          0          0          0          0         84   __printf.o
         0          0          0          0          0          0   __rtentry.o
        12          0          0          0          0          0   __rtentry2.o
         6          0          0          0          0          0   __rtentry4.o
        52          8          0          0          0          0   __scatter.o
        26          0          0          0          0          0   __scatter_copy.o
        28          0          0          0          0          0   __scatter_zi.o
        48          6          0          0          0         96   _printf_char_common.o
        36          4          0          0          0         80   _printf_char_file.o
         6          0          0          0          0          0   _printf_d.o
       120         16          0          0          0         92   _printf_dec.o
         6          0          0          0          0          0   _printf_f.o
      1050          0          0          0          0        216   _printf_fp_dec.o
       128         16          0          0          0         84   _printf_fp_infnan.o
        88          4         40          0          0         88   _printf_hex_int.o
       178          0          0          0          0         88   _printf_intcommon.o
         0          0          0          0          0          0   _printf_percent.o
         4          0          0          0          0          0   _printf_percent_end.o
         6          0          0          0          0          0   _printf_x.o
        10          0          0          0          0         68   _sputc.o
       220          4        148          0          0         96   bigflt0.o
      1910        128          0          0          0        672   btod.o
        12          0          0          0          0         72   exit.o
         8          0          0          0          0         68   ferror.o
         6          0          0          0          0        152   heapauxi.o
        44         10         28          0          0         76   lc_numeric_c.o
         2          0          0          0          0          0   libinit.o
        18          0          0          0          0          0   libinit2.o
         2          0          0          0          0          0   libshutdown.o
         2          0          0          0          0          0   libshutdown2.o
         8          4          0          0         96         68   libspace.o
       138          0          0          0          0         80   lludiv10.o
        24          4          0          0          0         84   noretval__2printf.o
        40          6          0          0          0         84   noretval__2sprintf.o
         8          4          0          0          0         68   rt_locale_intlibspace.o
         2          0          0          0          0          0   rtexit.o
        10          0          0          0          0          0   rtexit2.o
       128          0          0          0          0         68   strcmpv7m.o
        74          0          0          0          0         80   sys_stackheap_outer.o
         2          0          0          0          0         68   use_no_semi.o
         2          0          0          0          0         68   use_no_semi_2.o
        98          4          0          0          0         92   d2f.o
       826         16          0          0          0        348   daddsub_clz.o
        24          0          0          0          0         68   dcmpi.o
       688        140          0          0          0        208   ddiv.o
        94          4          0          0          0         92   dfix.o
        90          4          0          0          0         92   dfixu.o
        84          0          0          0          0        136   dflt_clz.o
       120          4          0          0          0         92   dleqf.o
       340         12          0          0          0        104   dmul.o
       156          4          0          0          0         92   dnaninf.o
        12          0          0          0          0         68   dretinf.o
       108          0          0          0          0         80   drleqf.o
        86          4          0          0          0         84   f2d.o
       450          8          0          0          0        236   faddsub_clz.o
        24          0          0          0          0         68   fcmpi.o
        54          4          0          0          0         84   ffix.o
        62          4          0          0          0         84   ffixu.o
        86          0          0          0          0        136   fflt_clz.o
       104          4          0          0          0         84   fleqf.o
       258          4          0          0          0         84   fmul.o
       140          4          0          0          0         84   fnaninf.o
        10          0          0          0          0         68   fretinf.o
        98          0          0          0          0         68   frleqf.o
         4          0          0          0          0         68   printf1.o
         0          0          0          0          0          0   usenofp.o
        40          0          0          0          0         68   fpclassify.o

    ----------------------------------------------------------------------
      8662        434        218          0        100       5456   Library Totals
        30          0          2          0          4          0   (incl. Padding)

    ----------------------------------------------------------------------

      Code (inc. data)   RO Data    RW Data    ZI Data      Debug   Library Name

      4576        214        216          0         96       2768   c_w.l
      4016        220          0          0          0       2620   fz_ws.l
        40          0          0          0          0         68   m_ws.l

    ----------------------------------------------------------------------
      8662        434        218          0        100       5456   Library Totals

    ----------------------------------------------------------------------

==============================================================================


      Code (inc. data)   RO Data    RW Data    ZI Data      Debug   

     41262       2608       6634        168       1888     551393   Grand Totals
     41262       2608       6634        168       1888     551393   ELF Image Totals
     41262       2608       6634        168          0          0   ROM Totals

==============================================================================

    Total RO  Size (Code + RO Data)                47896 (  46.77kB)
    Total RW  Size (RW Data + ZI Data)              2056 (   2.01kB)
    Total ROM Size (Code + RO Data + RW Data)      48064 (  46.94kB)

==============================================================================

