<html>
<body>
<pre>
<h1>µVision Build Log</h1>
<h2>Tool Versions:</h2>
IDE-Version: ¦ÌVision V5.14.0.0
Copyright (C) 2015 ARM Ltd and ARM Germany GmbH. All rights reserved.
License Information: Zhang kai, 1417, LIC=X96DY-IP3LI-UHN8H-W3H4Y-Q36TP-QPMZ1
 
Tool Versions:
Toolchain:       MDK-ARM Standard  Version: 5.14.0.0
Toolchain Path:  D:\Program Files (x86)\keil\ARM\ARMCC\Bin
C Compiler:      Armcc.exe V5.05 update 1 (build 106)
Assembler:       Armasm.exe V5.05 update 1 (build 106)
Linker/Locator:  ArmLink.exe V5.05 update 1 (build 106)
Library Manager: ArmAr.exe V5.05 update 1 (build 106)
Hex Converter:   FromElf.exe V5.05 update 1 (build 106)
CPU DLL:         SARMCM3.DLL V5.14.0.0
Dialog DLL:      DCM.DLL V1.13.1.0
Target DLL:      STLink\ST-LINKIII-KEIL_SWO.dll V2.0.14.0_KEIL
Dialog DLL:      TCM.DLL V1.14.4.0
 
<h2>Project:</h2>
D:\github\STM32_Motor\USER\stm32.uvprojx
Project File Date:  08/15/2019

<h2>Output:</h2>
Build target 'template'
compiling main.c...
compiling UI.c...
..\SYSTEM\UI\UI.c(103): warning:  #167-D: argument of type "char *" is incompatible with parameter of type "u8 *"
        LCD_ShowString(25,286,200,12,12,kp0);
..\SYSTEM\UI\UI.c(105): warning:  #167-D: argument of type "char *" is incompatible with parameter of type "u8 *"
        LCD_ShowString(25,298,200,12,12,ki0);
..\SYSTEM\UI\UI.c(107): warning:  #167-D: argument of type "char *" is incompatible with parameter of type "u8 *"
        LCD_ShowString(93,286,200,12,12,kd0);
..\SYSTEM\UI\UI.c(113): warning:  #167-D: argument of type "char *" is incompatible with parameter of type "u8 *"
        LCD_ShowString(160,286,200,12,12,mp0);
..\SYSTEM\UI\UI.c: 4 warnings, 0 errors
linking...
Program Size: Code=41262 RO-data=6634 RW-data=168 ZI-data=1888  
FromELF: creating hex file...
"..\OBJ\stm32.axf" - 0 Error(s), 4 Warning(s).

<h2>Collection of Component include folders:</h2>
  D:\github\STM32_Motor\USER\RTE
  D:\Program Files (x86)\keil\ARM\PACK\Keil\STM32F1xx_DFP\1.0.5\Device\Include

<h2>Collection of Component Files used:</h2>
</pre>
</body>
</html>
